Component: ARM Compiler 5.06 update 5 (build 528) Tool: armlink [4d35e2]

==============================================================================

Section Cross References

    main.o(.text) refers to validate_uart.o(.text) for initialize_serial_debug
    main.o(.text) refers to lcd.o(.text) for lcd_config_gpio
    main.o(.text) refers to timers.o(.text) for gp_timer_config_16
    main.o(.text) refers to launchpad_io.o(.text) for lp_io_init
    main.o(.text) refers to ps2.o(.text) for initialize_adc_gpio_pins
    main.o(.text) refers to adc.o(.text) for initialize_adc_PS2_IRQ
    main.o(.text) refers to malloc.o(i.free) for free
    main.o(.text) refers to malloc.o(i.malloc) for malloc
    main.o(.text) refers to main.o(.data) for m_head
    main.o(.text) refers to hw3_images.o(.constdata) for planeBitmap
    lcd.o(.text) refers to lcd.o(i.lcd_write_data_u16) for lcd_write_data_u16
    lcd.o(.text) refers to gpio_port.o(.text) for gpio_enable_port
    ps2.o(.text) refers to gpio_port.o(.text) for gpio_enable_port
    ps2.o(.text) refers to adc.o(.text) for initialize_adc
    startup_tm4c123.o(RESET) refers to startup_tm4c123.o(STACK) for __initial_sp
    startup_tm4c123.o(RESET) refers to startup_tm4c123.o(.text) for Reset_Handler
    startup_tm4c123.o(RESET) refers to main.o(.text) for ADC0SS2_Handler
    startup_tm4c123.o(.text) refers to system_tm4c123.o(.text) for SystemInit
    startup_tm4c123.o(.text) refers to entry.o(.ARM.Collect$$$$00000000) for __main
    system_tm4c123.o(.text) refers to system_tm4c123.o(.data) for SystemCoreClock
    validate_uart.o(.text) refers to printf6.o(i.__0sprintf$6) for __2sprintf
    validate_uart.o(.text) refers to validate_sysctl.o(.text) for validate_uart_rcgc
    validate_uart.o(.text) refers to validate_uart.o(.conststring) for .conststring
    entry.o(.ARM.Collect$$$$00000000) refers (Special) to entry10a.o(.ARM.Collect$$$$0000000D) for __rt_final_cpp
    entry.o(.ARM.Collect$$$$00000000) refers (Special) to entry11a.o(.ARM.Collect$$$$0000000F) for __rt_final_exit
    entry.o(.ARM.Collect$$$$00000000) refers (Special) to entry7b.o(.ARM.Collect$$$$00000008) for _main_clock
    entry.o(.ARM.Collect$$$$00000000) refers (Special) to entry8b.o(.ARM.Collect$$$$0000000A) for _main_cpp_init
    entry.o(.ARM.Collect$$$$00000000) refers (Special) to entry9a.o(.ARM.Collect$$$$0000000B) for _main_init
    entry.o(.ARM.Collect$$$$00000000) refers (Special) to entry5.o(.ARM.Collect$$$$00000004) for _main_scatterload
    entry.o(.ARM.Collect$$$$00000000) refers (Special) to entry2.o(.ARM.Collect$$$$00000001) for _main_stk
    printfb.o(i.__0fprintf$bare) refers to printfb.o(i._printf_core) for _printf_core
    printfb.o(i.__0fprintf$bare) refers to fputc.o(i.fputc) for fputc
    printfb.o(i.__0printf$bare) refers to printfb.o(i._printf_core) for _printf_core
    printfb.o(i.__0printf$bare) refers to fputc.o(i.fputc) for fputc
    printfb.o(i.__0printf$bare) refers to stdout.o(.data) for __stdout
    printfb.o(i.__0snprintf$bare) refers to printfb.o(i._printf_core) for _printf_core
    printfb.o(i.__0snprintf$bare) refers to printfb.o(i._snputc) for _snputc
    printfb.o(i.__0sprintf$bare) refers to printfb.o(i._printf_core) for _printf_core
    printfb.o(i.__0sprintf$bare) refers to printfb.o(i._sputc) for _sputc
    printfb.o(i.__0vfprintf$bare) refers to printfb.o(i._printf_core) for _printf_core
    printfb.o(i.__0vfprintf$bare) refers to fputc.o(i.fputc) for fputc
    printfb.o(i.__0vprintf$bare) refers to printfb.o(i._printf_core) for _printf_core
    printfb.o(i.__0vprintf$bare) refers to fputc.o(i.fputc) for fputc
    printfb.o(i.__0vprintf$bare) refers to stdout.o(.data) for __stdout
    printfb.o(i.__0vsnprintf$bare) refers to printfb.o(i._printf_core) for _printf_core
    printfb.o(i.__0vsnprintf$bare) refers to printfb.o(i._snputc) for _snputc
    printfb.o(i.__0vsprintf$bare) refers to printfb.o(i._printf_core) for _printf_core
    printfb.o(i.__0vsprintf$bare) refers to printfb.o(i._sputc) for _sputc
    printf0.o(i.__0fprintf$0) refers to printf0.o(i._printf_core) for _printf_core
    printf0.o(i.__0fprintf$0) refers to fputc.o(i.fputc) for fputc
    printf0.o(i.__0printf$0) refers to printf0.o(i._printf_core) for _printf_core
    printf0.o(i.__0printf$0) refers to fputc.o(i.fputc) for fputc
    printf0.o(i.__0printf$0) refers to stdout.o(.data) for __stdout
    printf0.o(i.__0snprintf$0) refers to printf0.o(i._printf_core) for _printf_core
    printf0.o(i.__0snprintf$0) refers to printf0.o(i._snputc) for _snputc
    printf0.o(i.__0sprintf$0) refers to printf0.o(i._printf_core) for _printf_core
    printf0.o(i.__0sprintf$0) refers to printf0.o(i._sputc) for _sputc
    printf0.o(i.__0vfprintf$0) refers to printf0.o(i._printf_core) for _printf_core
    printf0.o(i.__0vfprintf$0) refers to fputc.o(i.fputc) for fputc
    printf0.o(i.__0vprintf$0) refers to printf0.o(i._printf_core) for _printf_core
    printf0.o(i.__0vprintf$0) refers to fputc.o(i.fputc) for fputc
    printf0.o(i.__0vprintf$0) refers to stdout.o(.data) for __stdout
    printf0.o(i.__0vsnprintf$0) refers to printf0.o(i._printf_core) for _printf_core
    printf0.o(i.__0vsnprintf$0) refers to printf0.o(i._snputc) for _snputc
    printf0.o(i.__0vsprintf$0) refers to printf0.o(i._printf_core) for _printf_core
    printf0.o(i.__0vsprintf$0) refers to printf0.o(i._sputc) for _sputc
    printf1.o(i.__0fprintf$1) refers to printf1.o(i._printf_core) for _printf_core
    printf1.o(i.__0fprintf$1) refers to fputc.o(i.fputc) for fputc
    printf1.o(i.__0printf$1) refers to printf1.o(i._printf_core) for _printf_core
    printf1.o(i.__0printf$1) refers to fputc.o(i.fputc) for fputc
    printf1.o(i.__0printf$1) refers to stdout.o(.data) for __stdout
    printf1.o(i.__0snprintf$1) refers to printf1.o(i._printf_core) for _printf_core
    printf1.o(i.__0snprintf$1) refers to printf1.o(i._snputc) for _snputc
    printf1.o(i.__0sprintf$1) refers to printf1.o(i._printf_core) for _printf_core
    printf1.o(i.__0sprintf$1) refers to printf1.o(i._sputc) for _sputc
    printf1.o(i.__0vfprintf$1) refers to printf1.o(i._printf_core) for _printf_core
    printf1.o(i.__0vfprintf$1) refers to fputc.o(i.fputc) for fputc
    printf1.o(i.__0vprintf$1) refers to printf1.o(i._printf_core) for _printf_core
    printf1.o(i.__0vprintf$1) refers to fputc.o(i.fputc) for fputc
    printf1.o(i.__0vprintf$1) refers to stdout.o(.data) for __stdout
    printf1.o(i.__0vsnprintf$1) refers to printf1.o(i._printf_core) for _printf_core
    printf1.o(i.__0vsnprintf$1) refers to printf1.o(i._snputc) for _snputc
    printf1.o(i.__0vsprintf$1) refers to printf1.o(i._printf_core) for _printf_core
    printf1.o(i.__0vsprintf$1) refers to printf1.o(i._sputc) for _sputc
    printf1.o(i._printf_core) refers to uidiv.o(.text) for __aeabi_uidivmod
    printf2.o(i.__0fprintf$2) refers to printf2.o(i._printf_core) for _printf_core
    printf2.o(i.__0fprintf$2) refers to fputc.o(i.fputc) for fputc
    printf2.o(i.__0printf$2) refers to printf2.o(i._printf_core) for _printf_core
    printf2.o(i.__0printf$2) refers to fputc.o(i.fputc) for fputc
    printf2.o(i.__0printf$2) refers to stdout.o(.data) for __stdout
    printf2.o(i.__0snprintf$2) refers to printf2.o(i._printf_core) for _printf_core
    printf2.o(i.__0snprintf$2) refers to printf2.o(i._snputc) for _snputc
    printf2.o(i.__0sprintf$2) refers to printf2.o(i._printf_core) for _printf_core
    printf2.o(i.__0sprintf$2) refers to printf2.o(i._sputc) for _sputc
    printf2.o(i.__0vfprintf$2) refers to printf2.o(i._printf_core) for _printf_core
    printf2.o(i.__0vfprintf$2) refers to fputc.o(i.fputc) for fputc
    printf2.o(i.__0vprintf$2) refers to printf2.o(i._printf_core) for _printf_core
    printf2.o(i.__0vprintf$2) refers to fputc.o(i.fputc) for fputc
    printf2.o(i.__0vprintf$2) refers to stdout.o(.data) for __stdout
    printf2.o(i.__0vsnprintf$2) refers to printf2.o(i._printf_core) for _printf_core
    printf2.o(i.__0vsnprintf$2) refers to printf2.o(i._snputc) for _snputc
    printf2.o(i.__0vsprintf$2) refers to printf2.o(i._printf_core) for _printf_core
    printf2.o(i.__0vsprintf$2) refers to printf2.o(i._sputc) for _sputc
    printf3.o(i.__0fprintf$3) refers to printf3.o(i._printf_core) for _printf_core
    printf3.o(i.__0fprintf$3) refers to fputc.o(i.fputc) for fputc
    printf3.o(i.__0printf$3) refers to printf3.o(i._printf_core) for _printf_core
    printf3.o(i.__0printf$3) refers to fputc.o(i.fputc) for fputc
    printf3.o(i.__0printf$3) refers to stdout.o(.data) for __stdout
    printf3.o(i.__0snprintf$3) refers to printf3.o(i._printf_core) for _printf_core
    printf3.o(i.__0snprintf$3) refers to printf3.o(i._snputc) for _snputc
    printf3.o(i.__0sprintf$3) refers to printf3.o(i._printf_core) for _printf_core
    printf3.o(i.__0sprintf$3) refers to printf3.o(i._sputc) for _sputc
    printf3.o(i.__0vfprintf$3) refers to printf3.o(i._printf_core) for _printf_core
    printf3.o(i.__0vfprintf$3) refers to fputc.o(i.fputc) for fputc
    printf3.o(i.__0vprintf$3) refers to printf3.o(i._printf_core) for _printf_core
    printf3.o(i.__0vprintf$3) refers to fputc.o(i.fputc) for fputc
    printf3.o(i.__0vprintf$3) refers to stdout.o(.data) for __stdout
    printf3.o(i.__0vsnprintf$3) refers to printf3.o(i._printf_core) for _printf_core
    printf3.o(i.__0vsnprintf$3) refers to printf3.o(i._snputc) for _snputc
    printf3.o(i.__0vsprintf$3) refers to printf3.o(i._printf_core) for _printf_core
    printf3.o(i.__0vsprintf$3) refers to printf3.o(i._sputc) for _sputc
    printf3.o(i._printf_core) refers to uidiv.o(.text) for __aeabi_uidivmod
    printf4.o(i.__0fprintf$4) refers to printf4.o(i._printf_core) for _printf_core
    printf4.o(i.__0fprintf$4) refers to fputc.o(i.fputc) for fputc
    printf4.o(i.__0printf$4) refers to printf4.o(i._printf_core) for _printf_core
    printf4.o(i.__0printf$4) refers to fputc.o(i.fputc) for fputc
    printf4.o(i.__0printf$4) refers to stdout.o(.data) for __stdout
    printf4.o(i.__0snprintf$4) refers to printf4.o(i._printf_core) for _printf_core
    printf4.o(i.__0snprintf$4) refers to printf4.o(i._snputc) for _snputc
    printf4.o(i.__0sprintf$4) refers to printf4.o(i._printf_core) for _printf_core
    printf4.o(i.__0sprintf$4) refers to printf4.o(i._sputc) for _sputc
    printf4.o(i.__0vfprintf$4) refers to printf4.o(i._printf_core) for _printf_core
    printf4.o(i.__0vfprintf$4) refers to fputc.o(i.fputc) for fputc
    printf4.o(i.__0vprintf$4) refers to printf4.o(i._printf_core) for _printf_core
    printf4.o(i.__0vprintf$4) refers to fputc.o(i.fputc) for fputc
    printf4.o(i.__0vprintf$4) refers to stdout.o(.data) for __stdout
    printf4.o(i.__0vsnprintf$4) refers to printf4.o(i._printf_core) for _printf_core
    printf4.o(i.__0vsnprintf$4) refers to printf4.o(i._snputc) for _snputc
    printf4.o(i.__0vsprintf$4) refers to printf4.o(i._printf_core) for _printf_core
    printf4.o(i.__0vsprintf$4) refers to printf4.o(i._sputc) for _sputc
    printf4.o(i._printf_core) refers to uldiv.o(.text) for __aeabi_uldivmod
    printf5.o(i.__0fprintf$5) refers to printf5.o(i._printf_core) for _printf_core
    printf5.o(i.__0fprintf$5) refers to fputc.o(i.fputc) for fputc
    printf5.o(i.__0printf$5) refers to printf5.o(i._printf_core) for _printf_core
    printf5.o(i.__0printf$5) refers to fputc.o(i.fputc) for fputc
    printf5.o(i.__0printf$5) refers to stdout.o(.data) for __stdout
    printf5.o(i.__0snprintf$5) refers to printf5.o(i._printf_core) for _printf_core
    printf5.o(i.__0snprintf$5) refers to printf5.o(i._snputc) for _snputc
    printf5.o(i.__0sprintf$5) refers to printf5.o(i._printf_core) for _printf_core
    printf5.o(i.__0sprintf$5) refers to printf5.o(i._sputc) for _sputc
    printf5.o(i.__0vfprintf$5) refers to printf5.o(i._printf_core) for _printf_core
    printf5.o(i.__0vfprintf$5) refers to fputc.o(i.fputc) for fputc
    printf5.o(i.__0vprintf$5) refers to printf5.o(i._printf_core) for _printf_core
    printf5.o(i.__0vprintf$5) refers to fputc.o(i.fputc) for fputc
    printf5.o(i.__0vprintf$5) refers to stdout.o(.data) for __stdout
    printf5.o(i.__0vsnprintf$5) refers to printf5.o(i._printf_core) for _printf_core
    printf5.o(i.__0vsnprintf$5) refers to printf5.o(i._snputc) for _snputc
    printf5.o(i.__0vsprintf$5) refers to printf5.o(i._printf_core) for _printf_core
    printf5.o(i.__0vsprintf$5) refers to printf5.o(i._sputc) for _sputc
    printf5.o(i._printf_core) refers to uldiv.o(.text) for __aeabi_uldivmod
    printf6.o(i.__0fprintf$6) refers to printf6.o(i._printf_core) for _printf_core
    printf6.o(i.__0fprintf$6) refers to fputc.o(i.fputc) for fputc
    printf6.o(i.__0printf$6) refers to printf6.o(i._printf_core) for _printf_core
    printf6.o(i.__0printf$6) refers to fputc.o(i.fputc) for fputc
    printf6.o(i.__0printf$6) refers to stdout.o(.data) for __stdout
    printf6.o(i.__0snprintf$6) refers to printf6.o(i._printf_core) for _printf_core
    printf6.o(i.__0snprintf$6) refers to printf6.o(i._snputc) for _snputc
    printf6.o(i.__0sprintf$6) refers to printf6.o(i._printf_core) for _printf_core
    printf6.o(i.__0sprintf$6) refers to printf6.o(i._sputc) for _sputc
    printf6.o(i.__0vfprintf$6) refers to printf6.o(i._printf_core) for _printf_core
    printf6.o(i.__0vfprintf$6) refers to fputc.o(i.fputc) for fputc
    printf6.o(i.__0vprintf$6) refers to printf6.o(i._printf_core) for _printf_core
    printf6.o(i.__0vprintf$6) refers to fputc.o(i.fputc) for fputc
    printf6.o(i.__0vprintf$6) refers to stdout.o(.data) for __stdout
    printf6.o(i.__0vsnprintf$6) refers to printf6.o(i._printf_core) for _printf_core
    printf6.o(i.__0vsnprintf$6) refers to printf6.o(i._snputc) for _snputc
    printf6.o(i.__0vsprintf$6) refers to printf6.o(i._printf_core) for _printf_core
    printf6.o(i.__0vsprintf$6) refers to printf6.o(i._sputc) for _sputc
    printf6.o(i._printf_core) refers to printf6.o(i._printf_pre_padding) for _printf_pre_padding
    printf6.o(i._printf_core) refers to uidiv.o(.text) for __aeabi_uidivmod
    printf6.o(i._printf_core) refers to printf6.o(i._printf_post_padding) for _printf_post_padding
    printf7.o(i.__0fprintf$7) refers to printf7.o(i._printf_core) for _printf_core
    printf7.o(i.__0fprintf$7) refers to fputc.o(i.fputc) for fputc
    printf7.o(i.__0printf$7) refers to printf7.o(i._printf_core) for _printf_core
    printf7.o(i.__0printf$7) refers to fputc.o(i.fputc) for fputc
    printf7.o(i.__0printf$7) refers to stdout.o(.data) for __stdout
    printf7.o(i.__0snprintf$7) refers to printf7.o(i._printf_core) for _printf_core
    printf7.o(i.__0snprintf$7) refers to printf7.o(i._snputc) for _snputc
    printf7.o(i.__0sprintf$7) refers to printf7.o(i._printf_core) for _printf_core
    printf7.o(i.__0sprintf$7) refers to printf7.o(i._sputc) for _sputc
    printf7.o(i.__0vfprintf$7) refers to printf7.o(i._printf_core) for _printf_core
    printf7.o(i.__0vfprintf$7) refers to fputc.o(i.fputc) for fputc
    printf7.o(i.__0vprintf$7) refers to printf7.o(i._printf_core) for _printf_core
    printf7.o(i.__0vprintf$7) refers to fputc.o(i.fputc) for fputc
    printf7.o(i.__0vprintf$7) refers to stdout.o(.data) for __stdout
    printf7.o(i.__0vsnprintf$7) refers to printf7.o(i._printf_core) for _printf_core
    printf7.o(i.__0vsnprintf$7) refers to printf7.o(i._snputc) for _snputc
    printf7.o(i.__0vsprintf$7) refers to printf7.o(i._printf_core) for _printf_core
    printf7.o(i.__0vsprintf$7) refers to printf7.o(i._sputc) for _sputc
    printf7.o(i._printf_core) refers to printf7.o(i._printf_pre_padding) for _printf_pre_padding
    printf7.o(i._printf_core) refers to uldiv.o(.text) for __aeabi_uldivmod
    printf7.o(i._printf_core) refers to printf7.o(i._printf_post_padding) for _printf_post_padding
    printf8.o(i.__0fprintf$8) refers to printf8.o(i._printf_core) for _printf_core
    printf8.o(i.__0fprintf$8) refers to fputc.o(i.fputc) for fputc
    printf8.o(i.__0printf$8) refers to printf8.o(i._printf_core) for _printf_core
    printf8.o(i.__0printf$8) refers to fputc.o(i.fputc) for fputc
    printf8.o(i.__0printf$8) refers to stdout.o(.data) for __stdout
    printf8.o(i.__0snprintf$8) refers to printf8.o(i._printf_core) for _printf_core
    printf8.o(i.__0snprintf$8) refers to printf8.o(i._snputc) for _snputc
    printf8.o(i.__0sprintf$8) refers to printf8.o(i._printf_core) for _printf_core
    printf8.o(i.__0sprintf$8) refers to printf8.o(i._sputc) for _sputc
    printf8.o(i.__0vfprintf$8) refers to printf8.o(i._printf_core) for _printf_core
    printf8.o(i.__0vfprintf$8) refers to fputc.o(i.fputc) for fputc
    printf8.o(i.__0vprintf$8) refers to printf8.o(i._printf_core) for _printf_core
    printf8.o(i.__0vprintf$8) refers to fputc.o(i.fputc) for fputc
    printf8.o(i.__0vprintf$8) refers to stdout.o(.data) for __stdout
    printf8.o(i.__0vsnprintf$8) refers to printf8.o(i._printf_core) for _printf_core
    printf8.o(i.__0vsnprintf$8) refers to printf8.o(i._snputc) for _snputc
    printf8.o(i.__0vsprintf$8) refers to printf8.o(i._printf_core) for _printf_core
    printf8.o(i.__0vsprintf$8) refers to printf8.o(i._sputc) for _sputc
    printf8.o(i._printf_core) refers to printf8.o(i._printf_pre_padding) for _printf_pre_padding
    printf8.o(i._printf_core) refers to uldiv.o(.text) for __aeabi_uldivmod
    printf8.o(i._printf_core) refers to printf8.o(i._printf_post_padding) for _printf_post_padding
    printfa.o(i.__0fprintf) refers (Special) to iusefp.o(.text) for __I$use$fp
    printfa.o(i.__0fprintf) refers to printfa.o(i._printf_core) for _printf_core
    printfa.o(i.__0fprintf) refers to fputc.o(i.fputc) for fputc
    printfa.o(i.__0printf) refers (Special) to iusefp.o(.text) for __I$use$fp
    printfa.o(i.__0printf) refers to printfa.o(i._printf_core) for _printf_core
    printfa.o(i.__0printf) refers to fputc.o(i.fputc) for fputc
    printfa.o(i.__0printf) refers to stdout.o(.data) for __stdout
    printfa.o(i.__0snprintf) refers (Special) to iusefp.o(.text) for __I$use$fp
    printfa.o(i.__0snprintf) refers to printfa.o(i._printf_core) for _printf_core
    printfa.o(i.__0snprintf) refers to printfa.o(i._snputc) for _snputc
    printfa.o(i.__0sprintf) refers (Special) to iusefp.o(.text) for __I$use$fp
    printfa.o(i.__0sprintf) refers to printfa.o(i._printf_core) for _printf_core
    printfa.o(i.__0sprintf) refers to printfa.o(i._sputc) for _sputc
    printfa.o(i.__0vfprintf) refers (Special) to iusefp.o(.text) for __I$use$fp
    printfa.o(i.__0vfprintf) refers to printfa.o(i._printf_core) for _printf_core
    printfa.o(i.__0vfprintf) refers to fputc.o(i.fputc) for fputc
    printfa.o(i.__0vprintf) refers (Special) to iusefp.o(.text) for __I$use$fp
    printfa.o(i.__0vprintf) refers to printfa.o(i._printf_core) for _printf_core
    printfa.o(i.__0vprintf) refers to fputc.o(i.fputc) for fputc
    printfa.o(i.__0vprintf) refers to stdout.o(.data) for __stdout
    printfa.o(i.__0vsnprintf) refers (Special) to iusefp.o(.text) for __I$use$fp
    printfa.o(i.__0vsnprintf) refers to printfa.o(i._printf_core) for _printf_core
    printfa.o(i.__0vsnprintf) refers to printfa.o(i._snputc) for _snputc
    printfa.o(i.__0vsprintf) refers (Special) to iusefp.o(.text) for __I$use$fp
    printfa.o(i.__0vsprintf) refers to printfa.o(i._printf_core) for _printf_core
    printfa.o(i.__0vsprintf) refers to printfa.o(i._sputc) for _sputc
    printfa.o(i._fp_digits) refers (Special) to iusefp.o(.text) for __I$use$fp
    printfa.o(i._fp_digits) refers to dmul.o(.text) for __aeabi_dmul
    printfa.o(i._fp_digits) refers to ddiv.o(.text) for __aeabi_ddiv
    printfa.o(i._fp_digits) refers to cdrcmple.o(.text) for __aeabi_cdrcmple
    printfa.o(i._fp_digits) refers to dadd.o(.text) for __aeabi_dadd
    printfa.o(i._fp_digits) refers to dfixul.o(.text) for __aeabi_d2ulz
    printfa.o(i._fp_digits) refers to uldiv.o(.text) for __aeabi_uldivmod
    printfa.o(i._printf_core) refers (Special) to iusefp.o(.text) for __I$use$fp
    printfa.o(i._printf_core) refers to printfa.o(i._printf_pre_padding) for _printf_pre_padding
    printfa.o(i._printf_core) refers to uldiv.o(.text) for __aeabi_uldivmod
    printfa.o(i._printf_core) refers to printfa.o(i._printf_post_padding) for _printf_post_padding
    printfa.o(i._printf_core) refers to printfa.o(i._fp_digits) for _fp_digits
    printfa.o(i._printf_core) refers to uidiv.o(.text) for __aeabi_uidivmod
    printfa.o(i._printf_post_padding) refers (Special) to iusefp.o(.text) for __I$use$fp
    printfa.o(i._printf_pre_padding) refers (Special) to iusefp.o(.text) for __I$use$fp
    printfa.o(i._snputc) refers (Special) to iusefp.o(.text) for __I$use$fp
    printfa.o(i._sputc) refers (Special) to iusefp.o(.text) for __I$use$fp
    malloc.o(i.free) refers to mvars.o(.data) for __microlib_freelist
    malloc.o(i.malloc) refers to mvars.o(.data) for __microlib_freelist_initialised
    malloc.o(i.malloc) refers to mvars.o(.data) for __microlib_freelist
    malloc.o(i.malloc) refers to startup_tm4c123.o(HEAP) for __heap_base
    mallocr.o(i.__free$realloc) refers to mvars.o(.data) for __microlib_freelist
    mallocr.o(i.__malloc$realloc) refers to mallocr.o(i.internal_alloc) for internal_alloc
    mallocr.o(i.__malloc$realloc) refers to mvars.o(.data) for __microlib_freelist_initialised
    mallocr.o(i.__malloc$realloc) refers to startup_tm4c123.o(HEAP) for __heap_base
    mallocr.o(i.__malloc$realloc) refers to mvars.o(.data) for __microlib_freelist
    mallocr.o(i.internal_alloc) refers to memcpya.o(.text) for __aeabi_memcpy
    mallocr.o(i.internal_alloc) refers to mvars.o(.data) for __microlib_freelist
    mallocr.o(i.realloc) refers to mallocr.o(i.__free$realloc) for __free$realloc
    mallocr.o(i.realloc) refers to mallocr.o(i.internal_alloc) for internal_alloc
    mallocr.o(i.realloc) refers to mallocr.o(i.__malloc$realloc) for __malloc$realloc
    mallocr.o(i.realloc) refers to mvars.o(.data) for __microlib_freelist
    malloca.o(i.__aligned_malloc) refers to mvars.o(.data) for __microlib_freelist_initialised
    malloca.o(i.__aligned_malloc) refers to mvars.o(.data) for __microlib_freelist
    malloca.o(i.__aligned_malloc) refers to startup_tm4c123.o(HEAP) for __heap_base
    malloca.o(i.__free$memalign) refers to mvars.o(.data) for __microlib_freelist
    malloca.o(i.__malloc$memalign) refers to malloca.o(i.__aligned_malloc) for __aligned_malloc
    mallocra.o(i.__aligned_malloc$realloc) refers to mallocra.o(i.internal_alloc) for internal_alloc
    mallocra.o(i.__aligned_malloc$realloc) refers to mvars.o(.data) for __microlib_freelist_initialised
    mallocra.o(i.__aligned_malloc$realloc) refers to startup_tm4c123.o(HEAP) for __heap_base
    mallocra.o(i.__aligned_malloc$realloc) refers to mvars.o(.data) for __microlib_freelist
    mallocra.o(i.__free$realloc$memalign) refers to mvars.o(.data) for __microlib_freelist
    mallocra.o(i.__malloc$realloc$memalign) refers to mallocra.o(i.__aligned_malloc$realloc) for __aligned_malloc$realloc
    mallocra.o(i.__realloc$memalign) refers to mallocra.o(i.__free$realloc$memalign) for __free$realloc$memalign
    mallocra.o(i.__realloc$memalign) refers to mallocra.o(i.internal_alloc) for internal_alloc
    mallocra.o(i.__realloc$memalign) refers to mallocra.o(i.__malloc$realloc$memalign) for __malloc$realloc$memalign
    mallocra.o(i.__realloc$memalign) refers to mvars.o(.data) for __microlib_freelist
    mallocra.o(i.internal_alloc) refers to memcpya.o(.text) for __aeabi_memcpy
    mallocra.o(i.internal_alloc) refers to mvars.o(.data) for __microlib_freelist
    entry2.o(.ARM.Collect$$$$00000001) refers to entry2.o(.ARM.Collect$$$$00002712) for __lit__00000000
    entry2.o(.ARM.Collect$$$$00002712) refers to startup_tm4c123.o(STACK) for __initial_sp
    entry2.o(__vectab_stack_and_reset_area) refers to startup_tm4c123.o(STACK) for __initial_sp
    entry2.o(__vectab_stack_and_reset_area) refers to entry.o(.ARM.Collect$$$$00000000) for __main
    entry5.o(.ARM.Collect$$$$00000004) refers to init.o(.text) for __scatterload
    entry9a.o(.ARM.Collect$$$$0000000B) refers to main.o(.text) for main
    entry9b.o(.ARM.Collect$$$$0000000C) refers to main.o(.text) for main
    fputc.o(i.fputc) refers (Special) to iusesemip.o(.text) for __I$use$semihosting$fputc
    fputc.o(i.fputc) refers (Special) to semi.o(.text) for __semihosting_library_function
    uldiv.o(.text) refers to llushr.o(.text) for __aeabi_llsr
    uldiv.o(.text) refers to llshl.o(.text) for __aeabi_llsl
    dadd.o(.text) refers to llshl.o(.text) for __aeabi_llsl
    dadd.o(.text) refers to llsshr.o(.text) for __aeabi_lasr
    dadd.o(.text) refers to depilogue.o(.text) for _double_epilogue
    dmul.o(.text) refers to depilogue.o(.text) for _double_epilogue
    ddiv.o(.text) refers to depilogue.o(.text) for _double_round
    dfixul.o(.text) refers to llushr.o(.text) for __aeabi_llsr
    dfixul.o(.text) refers to llshl.o(.text) for __aeabi_llsl
    init.o(.text) refers to entry5.o(.ARM.Collect$$$$00000004) for __main_after_scatterload
    depilogue.o(.text) refers to llshl.o(.text) for __aeabi_llsl
    depilogue.o(.text) refers to llushr.o(.text) for __aeabi_llsr


==============================================================================

Removing Unused input sections from the image.

    Removing main.o(.rev16_text), (4 bytes).
    Removing main.o(.revsh_text), (4 bytes).
    Removing main.o(.rrx_text), (6 bytes).
    Removing adc.o(.rev16_text), (4 bytes).
    Removing adc.o(.revsh_text), (4 bytes).
    Removing adc.o(.rrx_text), (6 bytes).
    Removing gpio_port.o(.rev16_text), (4 bytes).
    Removing gpio_port.o(.revsh_text), (4 bytes).
    Removing gpio_port.o(.rrx_text), (6 bytes).
    Removing timers.o(.rev16_text), (4 bytes).
    Removing timers.o(.revsh_text), (4 bytes).
    Removing timers.o(.rrx_text), (6 bytes).
    Removing launchpad_io.o(.rev16_text), (4 bytes).
    Removing launchpad_io.o(.revsh_text), (4 bytes).
    Removing launchpad_io.o(.rrx_text), (6 bytes).
    Removing lcd.o(.rev16_text), (4 bytes).
    Removing lcd.o(.revsh_text), (4 bytes).
    Removing lcd.o(.rrx_text), (6 bytes).
    Removing ps2.o(.rev16_text), (4 bytes).
    Removing ps2.o(.revsh_text), (4 bytes).
    Removing ps2.o(.rrx_text), (6 bytes).
    Removing system_tm4c123.o(.rev16_text), (4 bytes).
    Removing system_tm4c123.o(.revsh_text), (4 bytes).
    Removing system_tm4c123.o(.rrx_text), (6 bytes).
    Removing validate_uart.o(.rev16_text), (4 bytes).
    Removing validate_uart.o(.revsh_text), (4 bytes).
    Removing validate_uart.o(.rrx_text), (6 bytes).
    Removing validate_sysctl.o(.rev16_text), (4 bytes).
    Removing validate_sysctl.o(.revsh_text), (4 bytes).
    Removing validate_sysctl.o(.rrx_text), (6 bytes).
    Removing dadd.o(.text), (334 bytes).
    Removing dmul.o(.text), (228 bytes).
    Removing ddiv.o(.text), (222 bytes).
    Removing dfixul.o(.text), (48 bytes).
    Removing cdrcmple.o(.text), (48 bytes).
    Removing depilogue.o(.text), (186 bytes).

36 unused section(s) (total 1206 bytes) removed from the image.

==============================================================================

Image Symbol Table

    Local Symbols

    Symbol Name                              Value     Ov Type        Size  Object(Section)

    RESET                                    0x00000000   Section      620  startup_tm4c123.o(RESET)
    ../clib/microlib/division.c              0x00000000   Number         0  uldiv.o ABSOLUTE
    ../clib/microlib/division.c              0x00000000   Number         0  uidiv.o ABSOLUTE
    ../clib/microlib/init/entry.s            0x00000000   Number         0  entry11b.o ABSOLUTE
    ../clib/microlib/init/entry.s            0x00000000   Number         0  entry11a.o ABSOLUTE
    ../clib/microlib/init/entry.s            0x00000000   Number         0  entry10b.o ABSOLUTE
    ../clib/microlib/init/entry.s            0x00000000   Number         0  entry10a.o ABSOLUTE
    ../clib/microlib/init/entry.s            0x00000000   Number         0  entry9b.o ABSOLUTE
    ../clib/microlib/init/entry.s            0x00000000   Number         0  entry9a.o ABSOLUTE
    ../clib/microlib/init/entry.s            0x00000000   Number         0  entry8b.o ABSOLUTE
    ../clib/microlib/init/entry.s            0x00000000   Number         0  entry8a.o ABSOLUTE
    ../clib/microlib/init/entry.s            0x00000000   Number         0  entry7b.o ABSOLUTE
    ../clib/microlib/init/entry.s            0x00000000   Number         0  entry7a.o ABSOLUTE
    ../clib/microlib/init/entry.s            0x00000000   Number         0  entry5.o ABSOLUTE
    ../clib/microlib/init/entry.s            0x00000000   Number         0  entry2.o ABSOLUTE
    ../clib/microlib/init/entry.s            0x00000000   Number         0  entry.o ABSOLUTE
    ../clib/microlib/longlong.c              0x00000000   Number         0  llsshr.o ABSOLUTE
    ../clib/microlib/longlong.c              0x00000000   Number         0  llushr.o ABSOLUTE
    ../clib/microlib/longlong.c              0x00000000   Number         0  llshl.o ABSOLUTE
    ../clib/microlib/malloc/malloc.c         0x00000000   Number         0  malloc.o ABSOLUTE
    ../clib/microlib/malloc/malloc.c         0x00000000   Number         0  mallocra.o ABSOLUTE
    ../clib/microlib/malloc/malloc.c         0x00000000   Number         0  malloca.o ABSOLUTE
    ../clib/microlib/malloc/malloc.c         0x00000000   Number         0  mallocr.o ABSOLUTE
    ../clib/microlib/malloc/mvars.c          0x00000000   Number         0  mvars.o ABSOLUTE
    ../clib/microlib/printf/printf.c         0x00000000   Number         0  printf5.o ABSOLUTE
    ../clib/microlib/printf/printf.c         0x00000000   Number         0  printf4.o ABSOLUTE
    ../clib/microlib/printf/printf.c         0x00000000   Number         0  printfb.o ABSOLUTE
    ../clib/microlib/printf/printf.c         0x00000000   Number         0  printf0.o ABSOLUTE
    ../clib/microlib/printf/printf.c         0x00000000   Number         0  printf1.o ABSOLUTE
    ../clib/microlib/printf/printf.c         0x00000000   Number         0  printf2.o ABSOLUTE
    ../clib/microlib/printf/printf.c         0x00000000   Number         0  printf3.o ABSOLUTE
    ../clib/microlib/printf/printf.c         0x00000000   Number         0  printfa.o ABSOLUTE
    ../clib/microlib/printf/printf.c         0x00000000   Number         0  printf8.o ABSOLUTE
    ../clib/microlib/printf/printf.c         0x00000000   Number         0  printf7.o ABSOLUTE
    ../clib/microlib/printf/printf.c         0x00000000   Number         0  printf6.o ABSOLUTE
    ../clib/microlib/printf/stubs.s          0x00000000   Number         0  stubs.o ABSOLUTE
    ../clib/microlib/stdio/fputc.c           0x00000000   Number         0  fputc.o ABSOLUTE
    ../clib/microlib/stdio/semi.s            0x00000000   Number         0  semi.o ABSOLUTE
    ../clib/microlib/stdio/streams.c         0x00000000   Number         0  stdout.o ABSOLUTE
    ../clib/microlib/string/memcpy.c         0x00000000   Number         0  memcpyb.o ABSOLUTE
    ../clib/microlib/string/memcpy.c         0x00000000   Number         0  memcpya.o ABSOLUTE
    ../clib/microlib/stubs.s                 0x00000000   Number         0  iusefp.o ABSOLUTE
    ../clib/microlib/stubs.s                 0x00000000   Number         0  iusesemip.o ABSOLUTE
    ../fplib/microlib/fpadd.c                0x00000000   Number         0  dadd.o ABSOLUTE
    ../fplib/microlib/fpdiv.c                0x00000000   Number         0  ddiv.o ABSOLUTE
    ../fplib/microlib/fpepilogue.c           0x00000000   Number         0  depilogue.o ABSOLUTE
    ../fplib/microlib/fpfix.c                0x00000000   Number         0  dfixul.o ABSOLUTE
    ../fplib/microlib/fpmul.c                0x00000000   Number         0  dmul.o ABSOLUTE
    ..\\drivers\\c\\adc.c                    0x00000000   Number         0  adc.o ABSOLUTE
    ..\\drivers\\c\\gpio_port.c              0x00000000   Number         0  gpio_port.o ABSOLUTE
    ..\\drivers\\c\\timers.c                 0x00000000   Number         0  timers.o ABSOLUTE
    ..\\peripherals\\c\\launchpad_io.c       0x00000000   Number         0  launchpad_io.o ABSOLUTE
    ..\\peripherals\\c\\lcd.c                0x00000000   Number         0  lcd.o ABSOLUTE
    ..\\peripherals\\c\\ps2.c                0x00000000   Number         0  ps2.o ABSOLUTE
    ..\drivers\c\adc.c                       0x00000000   Number         0  adc.o ABSOLUTE
    ..\drivers\c\gpio_port.c                 0x00000000   Number         0  gpio_port.o ABSOLUTE
    ..\drivers\c\timers.c                    0x00000000   Number         0  timers.o ABSOLUTE
    ..\peripherals\c\launchpad_io.c          0x00000000   Number         0  launchpad_io.o ABSOLUTE
    ..\peripherals\c\lcd.c                   0x00000000   Number         0  lcd.o ABSOLUTE
    ..\peripherals\c\ps2.c                   0x00000000   Number         0  ps2.o ABSOLUTE
    HW3_images.c                             0x00000000   Number         0  hw3_images.o ABSOLUTE
    RTE\Device\TM4C123GH6PM\startup_TM4C123.s 0x00000000   Number         0  startup_tm4c123.o ABSOLUTE
    RTE\Device\TM4C123GH6PM\system_TM4C123.c 0x00000000   Number         0  system_tm4c123.o ABSOLUTE
    RTE\\Device\\TM4C123GH6PM\\system_TM4C123.c 0x00000000   Number         0  system_tm4c123.o ABSOLUTE
    cdrcmple.s                               0x00000000   Number         0  cdrcmple.o ABSOLUTE
    dc.s                                     0x00000000   Number         0  dc.o ABSOLUTE
    handlers.s                               0x00000000   Number         0  handlers.o ABSOLUTE
    init.s                                   0x00000000   Number         0  init.o ABSOLUTE
    main.c                                   0x00000000   Number         0  main.o ABSOLUTE
    main.c                                   0x00000000   Number         0  main.o ABSOLUTE
    validate_sysctl.c                        0x00000000   Number         0  validate_sysctl.o ABSOLUTE
    validate_sysctl.c                        0x00000000   Number         0  validate_sysctl.o ABSOLUTE
    validate_uart.c                          0x00000000   Number         0  validate_uart.o ABSOLUTE
    validate_uart.c                          0x00000000   Number         0  validate_uart.o ABSOLUTE
    .ARM.Collect$$$$00000000                 0x0000026c   Section        0  entry.o(.ARM.Collect$$$$00000000)
    .ARM.Collect$$$$00000001                 0x0000026c   Section        4  entry2.o(.ARM.Collect$$$$00000001)
    .ARM.Collect$$$$00000004                 0x00000270   Section        4  entry5.o(.ARM.Collect$$$$00000004)
    .ARM.Collect$$$$00000008                 0x00000274   Section        0  entry7b.o(.ARM.Collect$$$$00000008)
    .ARM.Collect$$$$0000000A                 0x00000274   Section        0  entry8b.o(.ARM.Collect$$$$0000000A)
    .ARM.Collect$$$$0000000B                 0x00000274   Section        8  entry9a.o(.ARM.Collect$$$$0000000B)
    .ARM.Collect$$$$0000000D                 0x0000027c   Section        0  entry10a.o(.ARM.Collect$$$$0000000D)
    .ARM.Collect$$$$0000000F                 0x0000027c   Section        0  entry11a.o(.ARM.Collect$$$$0000000F)
    .ARM.Collect$$$$00002712                 0x0000027c   Section        4  entry2.o(.ARM.Collect$$$$00002712)
    __lit__00000000                          0x0000027c   Data           4  entry2.o(.ARM.Collect$$$$00002712)
    .text                                    0x00000280   Section        0  main.o(.text)
    .text                                    0x0000072c   Section        0  adc.o(.text)
    .text                                    0x0000089c   Section        0  gpio_port.o(.text)
    verify_base_addr                         0x0000089d   Thumb Code    64  gpio_port.o(.text)
    .text                                    0x00000b24   Section        0  timers.o(.text)
    __NVIC_SetPriority                       0x00000b25   Thumb Code    32  timers.o(.text)
    verify_base_addr                         0x00000b45   Thumb Code    64  timers.o(.text)
    get_clock_masks                          0x00000b85   Thumb Code   106  timers.o(.text)
    __NVIC_EnableIRQ                         0x00000deb   Thumb Code    26  timers.o(.text)
    .text                                    0x00000e1c   Section        0  launchpad_io.o(.text)
    .text                                    0x00000ee0   Section        0  lcd.o(.text)
    delayms                                  0x00000ee1   Thumb Code    26  lcd.o(.text)
    lcd_write_cmd_u8                         0x00000efb   Thumb Code    34  lcd.o(.text)
    lcd_write_data_u8                        0x00000f1d   Thumb Code    36  lcd.o(.text)
    .text                                    0x000013c0   Section        0  ps2.o(.text)
    .text                                    0x00001418   Section      252  startup_tm4c123.o(.text)
    $v0                                      0x00001418   Number         0  startup_tm4c123.o(.text)
    .text                                    0x00001514   Section        0  system_tm4c123.o(.text)
    getOscClk                                0x00001515   Thumb Code   182  system_tm4c123.o(.text)
    .text                                    0x00001764   Section        0  validate_uart.o(.text)
    uart_get_ibrd                            0x0000180f   Thumb Code    28  validate_uart.o(.text)
    uart_get_fbrd                            0x0000182b   Thumb Code    28  validate_uart.o(.text)
    uart_get_irq_num                         0x00001847   Thumb Code    68  validate_uart.o(.text)
    .text                                    0x00001b60   Section        0  validate_sysctl.o(.text)
    get_gpio_rcgc                            0x00001b61   Thumb Code    74  validate_sysctl.o(.text)
    get_adc_rcgc                             0x00001bab   Thumb Code    28  validate_sysctl.o(.text)
    get_gpt_rcgc                             0x00001bc7   Thumb Code    74  validate_sysctl.o(.text)
    get_uart_rcgc                            0x00001c11   Thumb Code    68  validate_sysctl.o(.text)
    get_spi_rcgc                             0x00001c55   Thumb Code    48  validate_sysctl.o(.text)
    .text                                    0x00001d2c   Section        0  uidiv.o(.text)
    .text                                    0x00001d58   Section       36  init.o(.text)
    i.__0sprintf$6                           0x00001d7c   Section        0  printf6.o(i.__0sprintf$6)
    i.__scatterload_copy                     0x00001da4   Section       14  handlers.o(i.__scatterload_copy)
    i.__scatterload_null                     0x00001db2   Section        2  handlers.o(i.__scatterload_null)
    i.__scatterload_zeroinit                 0x00001db4   Section       14  handlers.o(i.__scatterload_zeroinit)
    i._printf_core                           0x00001dc4   Section        0  printf6.o(i._printf_core)
    _printf_core                             0x00001dc5   Thumb Code   748  printf6.o(i._printf_core)
    i._printf_post_padding                   0x000020b4   Section        0  printf6.o(i._printf_post_padding)
    _printf_post_padding                     0x000020b5   Thumb Code    36  printf6.o(i._printf_post_padding)
    i._printf_pre_padding                    0x000020d8   Section        0  printf6.o(i._printf_pre_padding)
    _printf_pre_padding                      0x000020d9   Thumb Code    46  printf6.o(i._printf_pre_padding)
    i._sputc                                 0x00002106   Section        0  printf6.o(i._sputc)
    _sputc                                   0x00002107   Thumb Code    10  printf6.o(i._sputc)
    i.free                                   0x00002110   Section        0  malloc.o(i.free)
    i.lcd_write_data_u16                     0x00002160   Section        0  lcd.o(i.lcd_write_data_u16)
    i.malloc                                 0x000021ac   Section        0  malloc.o(i.malloc)
    .constdata                               0x00002218   Section      370  hw3_images.o(.constdata)
    .conststring                             0x0000238c   Section       92  validate_uart.o(.conststring)
    .data                                    0x20000000   Section       80  main.o(.data)
    debounce_cnt                             0x2000003c   Data           4  main.o(.data)
    LED_cnt                                  0x20000040   Data           4  main.o(.data)
    LED_state                                0x20000044   Data           4  main.o(.data)
    LED_cnt                                  0x20000048   Data           4  main.o(.data)
    LED_state                                0x2000004c   Data           4  main.o(.data)
    .data                                    0x20000050   Section        4  system_tm4c123.o(.data)
    .data                                    0x20000054   Section        4  mvars.o(.data)
    .data                                    0x20000058   Section        4  mvars.o(.data)
    HEAP                                     0x20000060   Section        0  startup_tm4c123.o(HEAP)
    STACK                                    0x20000060   Section     4096  startup_tm4c123.o(STACK)

    Global Symbols

    Symbol Name                              Value     Ov Type        Size  Object(Section)

    BuildAttributes$$THM_ISAv4$E$P$D$K$B$S$7EM$VFPi3$EXTD16$VFPS$VFMA$PE$A:L22UL41UL21$X:L11$S22US41US21$IEEE1$IW$USESV6$~STKCKD$USESV7$~SHL$OSPACE$ROPI$EBA8$MICROLIB$REQ8$PRES8$EABIv2 0x00000000   Number         0  anon$$obj.o ABSOLUTE
    __ARM_use_no_argv                        0x00000000   Number         0  main.o ABSOLUTE
    __Vectors                                0x00000000   Data           4  startup_tm4c123.o(RESET)
    _printf_a                                0x00000000   Number         0  stubs.o ABSOLUTE
    _printf_c                                0x00000000   Number         0  stubs.o ABSOLUTE
    _printf_charcount                        0x00000000   Number         0  stubs.o ABSOLUTE
    _printf_d                                0x00000000   Number         0  stubs.o ABSOLUTE
    _printf_e                                0x00000000   Number         0  stubs.o ABSOLUTE
    _printf_f                                0x00000000   Number         0  stubs.o ABSOLUTE
    _printf_flags                            0x00000000   Number         0  stubs.o ABSOLUTE
    _printf_fp_dec                           0x00000000   Number         0  stubs.o ABSOLUTE
    _printf_fp_hex                           0x00000000   Number         0  stubs.o ABSOLUTE
    _printf_g                                0x00000000   Number         0  stubs.o ABSOLUTE
    _printf_i                                0x00000000   Number         0  stubs.o ABSOLUTE
    _printf_int_dec                          0x00000000   Number         0  stubs.o ABSOLUTE
    _printf_l                                0x00000000   Number         0  stubs.o ABSOLUTE
    _printf_lc                               0x00000000   Number         0  stubs.o ABSOLUTE
    _printf_ll                               0x00000000   Number         0  stubs.o ABSOLUTE
    _printf_lld                              0x00000000   Number         0  stubs.o ABSOLUTE
    _printf_lli                              0x00000000   Number         0  stubs.o ABSOLUTE
    _printf_llo                              0x00000000   Number         0  stubs.o ABSOLUTE
    _printf_llu                              0x00000000   Number         0  stubs.o ABSOLUTE
    _printf_llx                              0x00000000   Number         0  stubs.o ABSOLUTE
    _printf_longlong_dec                     0x00000000   Number         0  stubs.o ABSOLUTE
    _printf_longlong_hex                     0x00000000   Number         0  stubs.o ABSOLUTE
    _printf_longlong_oct                     0x00000000   Number         0  stubs.o ABSOLUTE
    _printf_ls                               0x00000000   Number         0  stubs.o ABSOLUTE
    _printf_mbtowc                           0x00000000   Number         0  stubs.o ABSOLUTE
    _printf_n                                0x00000000   Number         0  stubs.o ABSOLUTE
    _printf_o                                0x00000000   Number         0  stubs.o ABSOLUTE
    _printf_p                                0x00000000   Number         0  stubs.o ABSOLUTE
    _printf_percent                          0x00000000   Number         0  stubs.o ABSOLUTE
    _printf_pre_padding                      0x00000000   Number         0  stubs.o ABSOLUTE
    _printf_return_value                     0x00000000   Number         0  stubs.o ABSOLUTE
    _printf_s                                0x00000000   Number         0  stubs.o ABSOLUTE
    _printf_sizespec                         0x00000000   Number         0  stubs.o ABSOLUTE
    _printf_str                              0x00000000   Number         0  stubs.o ABSOLUTE
    _printf_truncate_signed                  0x00000000   Number         0  stubs.o ABSOLUTE
    _printf_truncate_unsigned                0x00000000   Number         0  stubs.o ABSOLUTE
    _printf_u                                0x00000000   Number         0  stubs.o ABSOLUTE
    _printf_wc                               0x00000000   Number         0  stubs.o ABSOLUTE
    _printf_wctomb                           0x00000000   Number         0  stubs.o ABSOLUTE
    _printf_widthprec                        0x00000000   Number         0  stubs.o ABSOLUTE
    _printf_x                                0x00000000   Number         0  stubs.o ABSOLUTE
    __cpp_initialize__aeabi_                  - Undefined Weak Reference
    __cxa_finalize                            - Undefined Weak Reference
    __decompress                              - Undefined Weak Reference
    _clock_init                               - Undefined Weak Reference
    _microlib_exit                            - Undefined Weak Reference
    __Vectors_End                            0x0000026c   Data           0  startup_tm4c123.o(RESET)
    __Vectors_Size                           0x0000026c   Number         0  startup_tm4c123.o ABSOLUTE
    __main                                   0x0000026d   Thumb Code     0  entry.o(.ARM.Collect$$$$00000000)
    _main_stk                                0x0000026d   Thumb Code     0  entry2.o(.ARM.Collect$$$$00000001)
    _main_scatterload                        0x00000271   Thumb Code     0  entry5.o(.ARM.Collect$$$$00000004)
    __main_after_scatterload                 0x00000275   Thumb Code     0  entry5.o(.ARM.Collect$$$$00000004)
    _main_clock                              0x00000275   Thumb Code     0  entry7b.o(.ARM.Collect$$$$00000008)
    _main_cpp_init                           0x00000275   Thumb Code     0  entry8b.o(.ARM.Collect$$$$0000000A)
    _main_init                               0x00000275   Thumb Code     0  entry9a.o(.ARM.Collect$$$$0000000B)
    __rt_final_cpp                           0x0000027d   Thumb Code     0  entry10a.o(.ARM.Collect$$$$0000000D)
    __rt_final_exit                          0x0000027d   Thumb Code     0  entry11a.o(.ARM.Collect$$$$0000000F)
    initialize_hardware                      0x00000281   Thumb Code    96  main.o(.text)
    remove_missle                            0x000002e1   Thumb Code    74  main.o(.text)
    add_missle                               0x0000032b   Thumb Code    64  main.o(.text)
    main                                     0x0000036b   Thumb Code   414  main.o(.text)
    ADC0SS2_Handler                          0x00000509   Thumb Code   136  main.o(.text)
    TIMER0A_Handler                          0x00000591   Thumb Code    80  main.o(.text)
    TIMER0B_Handler                          0x000005e1   Thumb Code    80  main.o(.text)
    initialize_adc                           0x0000072d   Thumb Code   108  adc.o(.text)
    initialize_adc_PS2_IRQ                   0x00000799   Thumb Code   156  adc.o(.text)
    start_ps2_adc_irq                        0x00000835   Thumb Code    26  adc.o(.text)
    get_adc_value                            0x0000084f   Thumb Code    58  adc.o(.text)
    gpio_get_irq_num                         0x000008dd   Thumb Code    74  gpio_port.o(.text)
    gpio_enable_port                         0x00000927   Thumb Code   156  gpio_port.o(.text)
    gpio_config_digital_enable               0x000009c3   Thumb Code    36  gpio_port.o(.text)
    gpio_config_enable_output                0x000009e7   Thumb Code    36  gpio_port.o(.text)
    gpio_config_enable_input                 0x00000a0b   Thumb Code    36  gpio_port.o(.text)
    gpio_config_enable_pullup                0x00000a2f   Thumb Code    36  gpio_port.o(.text)
    gpio_config_enable_pulldown              0x00000a53   Thumb Code    36  gpio_port.o(.text)
    gpio_config_analog_enable                0x00000a77   Thumb Code    36  gpio_port.o(.text)
    gpio_config_alternate_function           0x00000a9b   Thumb Code    36  gpio_port.o(.text)
    gpio_config_port_control                 0x00000abf   Thumb Code    56  gpio_port.o(.text)
    gpio_config_open_drain                   0x00000af7   Thumb Code     6  gpio_port.o(.text)
    gpio_config_falling_edge_irq             0x00000afd   Thumb Code     6  gpio_port.o(.text)
    gp_timer_wait                            0x00000bef   Thumb Code    64  timers.o(.text)
    gp_timer_config_32                       0x00000c2f   Thumb Code   148  timers.o(.text)
    gp_timer_config_16                       0x00000cc3   Thumb Code   236  timers.o(.text)
    gp_timer_start_16                        0x00000daf   Thumb Code    60  timers.o(.text)
    lp_io_set_pin                            0x00000e1d   Thumb Code    18  launchpad_io.o(.text)
    lp_io_clear_pin                          0x00000e2f   Thumb Code    18  launchpad_io.o(.text)
    lp_io_read_pin                           0x00000e41   Thumb Code    22  launchpad_io.o(.text)
    lp_io_init                               0x00000e57   Thumb Code   112  launchpad_io.o(.text)
    lcd_set_pos                              0x00000f41   Thumb Code    58  lcd.o(.text)
    lcd_clear_screen                         0x00000f7b   Thumb Code    52  lcd.o(.text)
    lcd_draw_image                           0x00000faf   Thumb Code   242  lcd.o(.text)
    lcd_config_gpio                          0x000010a1   Thumb Code   222  lcd.o(.text)
    lcd_config_screen                        0x0000117f   Thumb Code   572  lcd.o(.text)
    initialize_adc_gpio_pins                 0x000013c1   Thumb Code    34  ps2.o(.text)
    ps2_initialize                           0x000013e3   Thumb Code    14  ps2.o(.text)
    ps2_get_x                                0x000013f1   Thumb Code    16  ps2.o(.text)
    ps2_get_y                                0x00001401   Thumb Code    16  ps2.o(.text)
    Reset_Handler                            0x00001419   Thumb Code     8  startup_tm4c123.o(.text)
    NMI_Handler                              0x00001421   Thumb Code     2  startup_tm4c123.o(.text)
    HardFault_Handler                        0x00001423   Thumb Code     2  startup_tm4c123.o(.text)
    MemManage_Handler                        0x00001425   Thumb Code     2  startup_tm4c123.o(.text)
    BusFault_Handler                         0x00001427   Thumb Code     2  startup_tm4c123.o(.text)
    UsageFault_Handler                       0x00001429   Thumb Code     2  startup_tm4c123.o(.text)
    SVC_Handler                              0x0000142b   Thumb Code     2  startup_tm4c123.o(.text)
    DebugMon_Handler                         0x0000142d   Thumb Code     2  startup_tm4c123.o(.text)
    PendSV_Handler                           0x0000142f   Thumb Code     2  startup_tm4c123.o(.text)
    SysTick_Handler                          0x00001431   Thumb Code     2  startup_tm4c123.o(.text)
    GPIOA_Handler                            0x00001433   Thumb Code     2  startup_tm4c123.o(.text)
    GPIOB_Handler                            0x00001435   Thumb Code     2  startup_tm4c123.o(.text)
    GPIOC_Handler                            0x00001437   Thumb Code     2  startup_tm4c123.o(.text)
    GPIOD_Handler                            0x00001439   Thumb Code     2  startup_tm4c123.o(.text)
    GPIOE_Handler                            0x0000143b   Thumb Code     2  startup_tm4c123.o(.text)
    UART0_Handler                            0x0000143d   Thumb Code     2  startup_tm4c123.o(.text)
    UART1_Handler                            0x0000143f   Thumb Code     2  startup_tm4c123.o(.text)
    SSI0_Handler                             0x00001441   Thumb Code     2  startup_tm4c123.o(.text)
    I2C0_Handler                             0x00001443   Thumb Code     2  startup_tm4c123.o(.text)
    PMW0_FAULT_Handler                       0x00001445   Thumb Code     2  startup_tm4c123.o(.text)
    PWM0_0_Handler                           0x00001447   Thumb Code     2  startup_tm4c123.o(.text)
    PWM0_1_Handler                           0x00001449   Thumb Code     2  startup_tm4c123.o(.text)
    PWM0_2_Handler                           0x0000144b   Thumb Code     2  startup_tm4c123.o(.text)
    QEI0_Handler                             0x0000144d   Thumb Code     2  startup_tm4c123.o(.text)
    ADC0SS0_Handler                          0x0000144f   Thumb Code     2  startup_tm4c123.o(.text)
    ADC0SS1_Handler                          0x00001451   Thumb Code     2  startup_tm4c123.o(.text)
    ADC0SS3_Handler                          0x00001455   Thumb Code     2  startup_tm4c123.o(.text)
    WDT0_Handler                             0x00001457   Thumb Code     2  startup_tm4c123.o(.text)
    TIMER1A_Handler                          0x0000145d   Thumb Code     2  startup_tm4c123.o(.text)
    TIMER1B_Handler                          0x0000145f   Thumb Code     2  startup_tm4c123.o(.text)
    TIMER2A_Handler                          0x00001461   Thumb Code     2  startup_tm4c123.o(.text)
    TIMER2B_Handler                          0x00001463   Thumb Code     2  startup_tm4c123.o(.text)
    COMP0_Handler                            0x00001465   Thumb Code     2  startup_tm4c123.o(.text)
    COMP1_Handler                            0x00001467   Thumb Code     2  startup_tm4c123.o(.text)
    COMP2_Handler                            0x00001469   Thumb Code     2  startup_tm4c123.o(.text)
    SYSCTL_Handler                           0x0000146b   Thumb Code     2  startup_tm4c123.o(.text)
    FLASH_Handler                            0x0000146d   Thumb Code     2  startup_tm4c123.o(.text)
    GPIOF_Handler                            0x0000146f   Thumb Code     2  startup_tm4c123.o(.text)
    GPIOG_Handler                            0x00001471   Thumb Code     2  startup_tm4c123.o(.text)
    GPIOH_Handler                            0x00001473   Thumb Code     2  startup_tm4c123.o(.text)
    UART2_Handler                            0x00001475   Thumb Code     2  startup_tm4c123.o(.text)
    SSI1_Handler                             0x00001477   Thumb Code     2  startup_tm4c123.o(.text)
    TIMER3A_Handler                          0x00001479   Thumb Code     2  startup_tm4c123.o(.text)
    TIMER3B_Handler                          0x0000147b   Thumb Code     2  startup_tm4c123.o(.text)
    I2C1_Handler                             0x0000147d   Thumb Code     2  startup_tm4c123.o(.text)
    QEI1_Handler                             0x0000147f   Thumb Code     2  startup_tm4c123.o(.text)
    CAN0_Handler                             0x00001481   Thumb Code     2  startup_tm4c123.o(.text)
    CAN1_Handler                             0x00001483   Thumb Code     2  startup_tm4c123.o(.text)
    CAN2_Handler                             0x00001485   Thumb Code     2  startup_tm4c123.o(.text)
    HIB_Handler                              0x00001487   Thumb Code     2  startup_tm4c123.o(.text)
    USB0_Handler                             0x00001489   Thumb Code     2  startup_tm4c123.o(.text)
    PWM0_3_Handler                           0x0000148b   Thumb Code     2  startup_tm4c123.o(.text)
    UDMA_Handler                             0x0000148d   Thumb Code     2  startup_tm4c123.o(.text)
    UDMAERR_Handler                          0x0000148f   Thumb Code     2  startup_tm4c123.o(.text)
    ADC1SS0_Handler                          0x00001491   Thumb Code     2  startup_tm4c123.o(.text)
    ADC1SS1_Handler                          0x00001493   Thumb Code     2  startup_tm4c123.o(.text)
    ADC1SS2_Handler                          0x00001495   Thumb Code     2  startup_tm4c123.o(.text)
    ADC1SS3_Handler                          0x00001497   Thumb Code     2  startup_tm4c123.o(.text)
    GPIOJ_Handler                            0x00001499   Thumb Code     2  startup_tm4c123.o(.text)
    GPIOK_Handler                            0x0000149b   Thumb Code     2  startup_tm4c123.o(.text)
    GPIOL_Handler                            0x0000149d   Thumb Code     2  startup_tm4c123.o(.text)
    SSI2_Handler                             0x0000149f   Thumb Code     2  startup_tm4c123.o(.text)
    SSI3_Handler                             0x000014a1   Thumb Code     2  startup_tm4c123.o(.text)
    UART3_Handler                            0x000014a3   Thumb Code     2  startup_tm4c123.o(.text)
    UART4_Handler                            0x000014a5   Thumb Code     2  startup_tm4c123.o(.text)
    UART5_Handler                            0x000014a7   Thumb Code     2  startup_tm4c123.o(.text)
    UART6_Handler                            0x000014a9   Thumb Code     2  startup_tm4c123.o(.text)
    UART7_Handler                            0x000014ab   Thumb Code     2  startup_tm4c123.o(.text)
    I2C2_Handler                             0x000014ad   Thumb Code     2  startup_tm4c123.o(.text)
    I2C3_Handler                             0x000014af   Thumb Code     2  startup_tm4c123.o(.text)
    TIMER4A_Handler                          0x000014b1   Thumb Code     2  startup_tm4c123.o(.text)
    TIMER4B_Handler                          0x000014b3   Thumb Code     2  startup_tm4c123.o(.text)
    TIMER5A_Handler                          0x000014b5   Thumb Code     2  startup_tm4c123.o(.text)
    TIMER5B_Handler                          0x000014b7   Thumb Code     2  startup_tm4c123.o(.text)
    WTIMER0A_Handler                         0x000014b9   Thumb Code     2  startup_tm4c123.o(.text)
    WTIMER0B_Handler                         0x000014bb   Thumb Code     2  startup_tm4c123.o(.text)
    WTIMER1A_Handler                         0x000014bd   Thumb Code     2  startup_tm4c123.o(.text)
    WTIMER1B_Handler                         0x000014bf   Thumb Code     2  startup_tm4c123.o(.text)
    WTIMER2A_Handler                         0x000014c1   Thumb Code     2  startup_tm4c123.o(.text)
    WTIMER2B_Handler                         0x000014c3   Thumb Code     2  startup_tm4c123.o(.text)
    WTIMER3A_Handler                         0x000014c5   Thumb Code     2  startup_tm4c123.o(.text)
    WTIMER3B_Handler                         0x000014c7   Thumb Code     2  startup_tm4c123.o(.text)
    WTIMER4A_Handler                         0x000014c9   Thumb Code     2  startup_tm4c123.o(.text)
    WTIMER4B_Handler                         0x000014cb   Thumb Code     2  startup_tm4c123.o(.text)
    WTIMER5A_Handler                         0x000014cd   Thumb Code     2  startup_tm4c123.o(.text)
    WTIMER5B_Handler                         0x000014cf   Thumb Code     2  startup_tm4c123.o(.text)
    FPU_Handler                              0x000014d1   Thumb Code     2  startup_tm4c123.o(.text)
    I2C4_Handler                             0x000014d3   Thumb Code     2  startup_tm4c123.o(.text)
    I2C5_Handler                             0x000014d5   Thumb Code     2  startup_tm4c123.o(.text)
    GPIOM_Handler                            0x000014d7   Thumb Code     2  startup_tm4c123.o(.text)
    GPION_Handler                            0x000014d9   Thumb Code     2  startup_tm4c123.o(.text)
    QEI2_Handler                             0x000014db   Thumb Code     2  startup_tm4c123.o(.text)
    GPIOP0_Handler                           0x000014dd   Thumb Code     2  startup_tm4c123.o(.text)
    GPIOP1_Handler                           0x000014df   Thumb Code     2  startup_tm4c123.o(.text)
    GPIOP2_Handler                           0x000014e1   Thumb Code     2  startup_tm4c123.o(.text)
    GPIOP3_Handler                           0x000014e3   Thumb Code     2  startup_tm4c123.o(.text)
    GPIOP4_Handler                           0x000014e5   Thumb Code     2  startup_tm4c123.o(.text)
    GPIOP5_Handler                           0x000014e7   Thumb Code     2  startup_tm4c123.o(.text)
    GPIOP6_Handler                           0x000014e9   Thumb Code     2  startup_tm4c123.o(.text)
    GPIOP7_Handler                           0x000014eb   Thumb Code     2  startup_tm4c123.o(.text)
    GPIOQ0_Handler                           0x000014ed   Thumb Code     2  startup_tm4c123.o(.text)
    GPIOQ1_Handler                           0x000014ef   Thumb Code     2  startup_tm4c123.o(.text)
    GPIOQ2_Handler                           0x000014f1   Thumb Code     2  startup_tm4c123.o(.text)
    GPIOQ3_Handler                           0x000014f3   Thumb Code     2  startup_tm4c123.o(.text)
    GPIOQ4_Handler                           0x000014f5   Thumb Code     2  startup_tm4c123.o(.text)
    GPIOQ5_Handler                           0x000014f7   Thumb Code     2  startup_tm4c123.o(.text)
    GPIOQ6_Handler                           0x000014f9   Thumb Code     2  startup_tm4c123.o(.text)
    GPIOQ7_Handler                           0x000014fb   Thumb Code     2  startup_tm4c123.o(.text)
    GPIOR_Handler                            0x000014fd   Thumb Code     2  startup_tm4c123.o(.text)
    GPIOS_Handler                            0x000014ff   Thumb Code     2  startup_tm4c123.o(.text)
    PMW1_0_Handler                           0x00001501   Thumb Code     2  startup_tm4c123.o(.text)
    PWM1_1_Handler                           0x00001503   Thumb Code     2  startup_tm4c123.o(.text)
    PWM1_2_Handler                           0x00001505   Thumb Code     2  startup_tm4c123.o(.text)
    PWM1_3_Handler                           0x00001507   Thumb Code     2  startup_tm4c123.o(.text)
    PWM1_FAULT_Handler                       0x00001509   Thumb Code     2  startup_tm4c123.o(.text)
    SystemCoreClockUpdate                    0x000015cb   Thumb Code   184  system_tm4c123.o(.text)
    SystemInit                               0x00001683   Thumb Code   112  system_tm4c123.o(.text)
    put_string                               0x00001765   Thumb Code    34  validate_uart.o(.text)
    validate_print_ice_validation_info_start 0x00001787   Thumb Code    68  validate_uart.o(.text)
    validate_print_ice_validation_info_end   0x000017cb   Thumb Code    68  validate_uart.o(.text)
    staff_uart_config_gpio                   0x0000188b   Thumb Code    82  validate_uart.o(.text)
    staff_uart_config_polling                0x000018dd   Thumb Code    68  validate_uart.o(.text)
    validate_uart_baud_rate                  0x00001921   Thumb Code    26  validate_uart.o(.text)
    validate_uart_line_control               0x0000193b   Thumb Code    18  validate_uart.o(.text)
    validate_uart_interrupt_mask             0x0000194d   Thumb Code    18  validate_uart.o(.text)
    validate_uart_control                    0x0000195f   Thumb Code    18  validate_uart.o(.text)
    validate_uart_interrupts_enabled         0x00001971   Thumb Code    44  validate_uart.o(.text)
    put_char                                 0x0000199d   Thumb Code    20  validate_uart.o(.text)
    get_char                                 0x000019b1   Thumb Code    62  validate_uart.o(.text)
    get_string                               0x000019ef   Thumb Code    40  validate_uart.o(.text)
    initialize_serial_debug                  0x00001a17   Thumb Code    12  validate_uart.o(.text)
    print_test_status                        0x00001a23   Thumb Code    52  validate_uart.o(.text)
    validate_uart                            0x00001a57   Thumb Code   126  validate_uart.o(.text)
    validate_gpio_rcgc                       0x00001c85   Thumb Code    26  validate_sysctl.o(.text)
    validate_adc_rcgc                        0x00001c9f   Thumb Code    28  validate_sysctl.o(.text)
    validate_gpt_rcgc                        0x00001cbb   Thumb Code    28  validate_sysctl.o(.text)
    validate_uart_rcgc                       0x00001cd7   Thumb Code    28  validate_sysctl.o(.text)
    validate_spi_rcgc                        0x00001cf3   Thumb Code    28  validate_sysctl.o(.text)
    __aeabi_uidiv                            0x00001d2d   Thumb Code     0  uidiv.o(.text)
    __aeabi_uidivmod                         0x00001d2d   Thumb Code    44  uidiv.o(.text)
    __scatterload                            0x00001d59   Thumb Code    28  init.o(.text)
    __scatterload_rt2                        0x00001d59   Thumb Code     0  init.o(.text)
    __0sprintf$6                             0x00001d7d   Thumb Code    34  printf6.o(i.__0sprintf$6)
    __1sprintf$6                             0x00001d7d   Thumb Code     0  printf6.o(i.__0sprintf$6)
    __2sprintf                               0x00001d7d   Thumb Code     0  printf6.o(i.__0sprintf$6)
    __scatterload_copy                       0x00001da5   Thumb Code    14  handlers.o(i.__scatterload_copy)
    __scatterload_null                       0x00001db3   Thumb Code     2  handlers.o(i.__scatterload_null)
    __scatterload_zeroinit                   0x00001db5   Thumb Code    14  handlers.o(i.__scatterload_zeroinit)
    free                                     0x00002111   Thumb Code    76  malloc.o(i.free)
    lcd_write_data_u16                       0x00002161   Thumb Code    60  lcd.o(i.lcd_write_data_u16)
    malloc                                   0x000021ad   Thumb Code    92  malloc.o(i.malloc)
    planeBitmap                              0x00002218   Data         348  hw3_images.o(.constdata)
    missleBitmap                             0x00002374   Data          11  hw3_images.o(.constdata)
    missleErase                              0x0000237f   Data          11  hw3_images.o(.constdata)
    Region$$Table$$Base                      0x000023e8   Number         0  anon$$obj.o(Region$$Table)
    Region$$Table$$Limit                     0x00002408   Number         0  anon$$obj.o(Region$$Table)
    group                                    0x20000000   Data           8  main.o(.data)
    individual_1                             0x20000008   Data          13  main.o(.data)
    individual_2                             0x20000015   Data          21  main.o(.data)
    debounce_int                             0x2000002a   Data           1  main.o(.data)
    joystick_int                             0x2000002b   Data           1  main.o(.data)
    joystick_left_right                      0x2000002c   Data           1  main.o(.data)
    joystick_up_down                         0x2000002d   Data           1  main.o(.data)
    plane                                    0x2000002e   Data           4  main.o(.data)
    m_head                                   0x20000034   Data           4  main.o(.data)
    m_tail                                   0x20000038   Data           4  main.o(.data)
    SystemCoreClock                          0x20000050   Data           4  system_tm4c123.o(.data)
    __microlib_freelist                      0x20000054   Data           4  mvars.o(.data)
    __microlib_freelist_initialised          0x20000058   Data           4  mvars.o(.data)
    __heap_base                              0x20000060   Data           0  startup_tm4c123.o(HEAP)
    __heap_limit                             0x20000060   Data           0  startup_tm4c123.o(HEAP)
    __initial_sp                             0x20001060   Data           0  startup_tm4c123.o(STACK)



==============================================================================

Memory Map of the image

  Image Entry point : 0x00001419

  Load Region LR_1 (Base: 0x00000000, Size: 0x00002464, Max: 0xffffffff, ABSOLUTE)

    Execution Region ER_RO (Exec base: 0x00000000, Load base: 0x00000000, Size: 0x00002408, Max: 0xffffffff, ABSOLUTE)

    Exec Addr    Load Addr    Size         Type   Attr      Idx    E Section Name        Object

    0x00000000   0x00000000   0x0000026c   Data   RO          287    RESET               startup_tm4c123.o
    0x0000026c   0x0000026c   0x00000000   Code   RO          428  * .ARM.Collect$$$$00000000  mc_w.l(entry.o)
    0x0000026c   0x0000026c   0x00000004   Code   RO          720    .ARM.Collect$$$$00000001  mc_w.l(entry2.o)
    0x00000270   0x00000270   0x00000004   Code   RO          723    .ARM.Collect$$$$00000004  mc_w.l(entry5.o)
    0x00000274   0x00000274   0x00000000   Code   RO          725    .ARM.Collect$$$$00000008  mc_w.l(entry7b.o)
    0x00000274   0x00000274   0x00000000   Code   RO          727    .ARM.Collect$$$$0000000A  mc_w.l(entry8b.o)
    0x00000274   0x00000274   0x00000008   Code   RO          728    .ARM.Collect$$$$0000000B  mc_w.l(entry9a.o)
    0x0000027c   0x0000027c   0x00000000   Code   RO          730    .ARM.Collect$$$$0000000D  mc_w.l(entry10a.o)
    0x0000027c   0x0000027c   0x00000000   Code   RO          732    .ARM.Collect$$$$0000000F  mc_w.l(entry11a.o)
    0x0000027c   0x0000027c   0x00000004   Code   RO          721    .ARM.Collect$$$$00002712  mc_w.l(entry2.o)
    0x00000280   0x00000280   0x000004ac   Code   RO            4    .text               main.o
    0x0000072c   0x0000072c   0x00000170   Code   RO          130    .text               adc.o
    0x0000089c   0x0000089c   0x00000288   Code   RO          158    .text               gpio_port.o
    0x00000b24   0x00000b24   0x000002f8   Code   RO          182    .text               timers.o
    0x00000e1c   0x00000e1c   0x000000c4   Code   RO          210    .text               launchpad_io.o
    0x00000ee0   0x00000ee0   0x000004e0   Code   RO          234    .text               lcd.o
    0x000013c0   0x000013c0   0x00000058   Code   RO          264    .text               ps2.o
    0x00001418   0x00001418   0x000000fc   Code   RO          288  * .text               startup_tm4c123.o
    0x00001514   0x00001514   0x00000250   Code   RO          295    .text               system_tm4c123.o
    0x00001764   0x00001764   0x000003fc   Code   RO          325    .text               ECE353-Validate.lib(validate_uart.o)
    0x00001b60   0x00001b60   0x000001cc   Code   RO          407    .text               ECE353-Validate.lib(validate_sysctl.o)
    0x00001d2c   0x00001d2c   0x0000002c   Code   RO          737    .text               mc_w.l(uidiv.o)
    0x00001d58   0x00001d58   0x00000024   Code   RO          758    .text               mc_w.l(init.o)
    0x00001d7c   0x00001d7c   0x00000028   Code   RO          588    i.__0sprintf$6      mc_w.l(printf6.o)
    0x00001da4   0x00001da4   0x0000000e   Code   RO          772    i.__scatterload_copy  mc_w.l(handlers.o)
    0x00001db2   0x00001db2   0x00000002   Code   RO          773    i.__scatterload_null  mc_w.l(handlers.o)
    0x00001db4   0x00001db4   0x0000000e   Code   RO          774    i.__scatterload_zeroinit  mc_w.l(handlers.o)
    0x00001dc2   0x00001dc2   0x00000002   PAD
    0x00001dc4   0x00001dc4   0x000002f0   Code   RO          593    i._printf_core      mc_w.l(printf6.o)
    0x000020b4   0x000020b4   0x00000024   Code   RO          594    i._printf_post_padding  mc_w.l(printf6.o)
    0x000020d8   0x000020d8   0x0000002e   Code   RO          595    i._printf_pre_padding  mc_w.l(printf6.o)
    0x00002106   0x00002106   0x0000000a   Code   RO          597    i._sputc            mc_w.l(printf6.o)
    0x00002110   0x00002110   0x00000050   Code   RO          692    i.free              mc_w.l(malloc.o)
    0x00002160   0x00002160   0x0000004c   Code   RO          252    i.lcd_write_data_u16  lcd.o
    0x000021ac   0x000021ac   0x0000006c   Code   RO          693    i.malloc            mc_w.l(malloc.o)
    0x00002218   0x00002218   0x00000172   Data   RO          111    .constdata          hw3_images.o
    0x0000238a   0x0000238a   0x00000002   PAD
    0x0000238c   0x0000238c   0x0000005c   Data   RO          326    .conststring        ECE353-Validate.lib(validate_uart.o)
    0x000023e8   0x000023e8   0x00000020   Data   RO          770    Region$$Table       anon$$obj.o


    Execution Region ER_RW (Exec base: 0x20000000, Load base: 0x00002408, Size: 0x0000005c, Max: 0xffffffff, ABSOLUTE)

    Exec Addr    Load Addr    Size         Type   Attr      Idx    E Section Name        Object

    0x20000000   0x00002408   0x00000050   Data   RW            5    .data               main.o
    0x20000050   0x00002458   0x00000004   Data   RW          296    .data               system_tm4c123.o
    0x20000054   0x0000245c   0x00000004   Data   RW          745    .data               mc_w.l(mvars.o)
    0x20000058   0x00002460   0x00000004   Data   RW          746    .data               mc_w.l(mvars.o)


    Execution Region ER_ZI (Exec base: 0x2000005c, Load base: 0x00002464, Size: 0x00001004, Max: 0xffffffff, ABSOLUTE)

    Exec Addr    Load Addr    Size         Type   Attr      Idx    E Section Name        Object

    0x2000005c   0x00002464   0x00000004   PAD
    0x20000060        -       0x00000000   Zero   RW          286    HEAP                startup_tm4c123.o
    0x20000060        -       0x00001000   Zero   RW          285    STACK               startup_tm4c123.o


==============================================================================

Image component sizes


      Code (inc. data)   RO Data    RW Data    ZI Data      Debug   Object Name

       368         20          0          0          0      31979   adc.o
       648         34          0          0          0       5070   gpio_port.o
         0          0        370          0          0        607   hw3_images.o
       196         26          0          0          0       1846   launchpad_io.o
      1324         44          0          0          0       3869   lcd.o
      1196        252          0         80          0      30629   main.o
        88          8          0          0          0        970   ps2.o
       252         10        620          0       4096       5456   startup_tm4c123.o
       592        138          0          4          0       1581   system_tm4c123.o
       760         24          0          0          0      33159   timers.o

    ----------------------------------------------------------------------
      5424        556       1024         84       4096     115166   Object Totals
         0          0         32          0          0          0   (incl. Generated)
         0          0          2          0          0          0   (incl. Padding)

    ----------------------------------------------------------------------

      Code (inc. data)   RO Data    RW Data    ZI Data      Debug   Library Member Name

       460         38          0          0          0       2598   validate_sysctl.o
      1020        148         92          0          0      31418   validate_uart.o
         0          0          0          0          0          0   entry.o
         0          0          0          0          0          0   entry10a.o
         0          0          0          0          0          0   entry11a.o
         8          4          0          0          0          0   entry2.o
         4          0          0          0          0          0   entry5.o
         0          0          0          0          0          0   entry7b.o
         0          0          0          0          0          0   entry8b.o
         8          4          0          0          0          0   entry9a.o
        30          0          0          0          0          0   handlers.o
        36          8          0          0          0         68   init.o
       188         20          0          0          0        160   malloc.o
         0          0          0          8          0          0   mvars.o
       884         10          0          0          0        420   printf6.o
        44          0          0          0          0         80   uidiv.o

    ----------------------------------------------------------------------
      2684        232         92          8          4      34744   Library Totals
         2          0          0          0          4          0   (incl. Padding)

    ----------------------------------------------------------------------

      Code (inc. data)   RO Data    RW Data    ZI Data      Debug   Library Name

      1480        186         92          0          0      34016   ECE353-Validate.lib
      1202         46          0          8          0        728   mc_w.l

    ----------------------------------------------------------------------
      2684        232         92          8          4      34744   Library Totals

    ----------------------------------------------------------------------

==============================================================================


      Code (inc. data)   RO Data    RW Data    ZI Data      Debug   

      8108        788       1116         92       4100     148402   Grand Totals
      8108        788       1116         92       4100     148402   ELF Image Totals
      8108        788       1116         92          0          0   ROM Totals

==============================================================================

    Total RO  Size (Code + RO Data)                 9224 (   9.01kB)
    Total RW  Size (RW Data + ZI Data)              4192 (   4.09kB)
    Total ROM Size (Code + RO Data + RW Data)       9316 (   9.10kB)

==============================================================================

