Component: ARM Compiler 5.06 update 5 (build 528) Tool: armlink [4d35e2]

==============================================================================

Section Cross References

    main.o(.text) refers to gpio_port.o(.text) for gpio_enable_port
    main.o(.text) refers to validate_uart.o(.text) for initialize_serial_debug
    main.o(.text) refers to lcd.o(.text) for lcd_config_screen
    main.o(.text) refers to serial_debug.o(.text) for init_serial_debug
    main.o(.text) refers to timers.o(.text) for gp_timer_config_16
    main.o(.text) refers to ps2.o(.text) for ps2_initialize_hw3
    main.o(.text) refers to adc.o(.text) for initialize_adc_hw3
    main.o(.text) refers to accel.o(.text) for accel_init
    main.o(.text) refers to eeprom.o(.text) for eeprom_init
    main.o(.text) refers to ft6x06.o(.text) for ft6x06_init
    main.o(.text) refers to rand.o(.text) for srand
    main.o(.text) refers to main.o(.data) for main_menu_select
    main.o(.text) refers to graphics.o(.text) for draw_main_menu
    main.o(.text) refers to fonts.o(.text) for lcd_print_character
    main.o(.text) refers to printf6.o(i.__0printf$6) for __2printf
    main.o(.text) refers to ball.o(.text) for update_ball
    main.o(.text) refers to levels.o(.data) for lvl_2
    main.o(.text) refers to levels.o(.bss) for lvl_0
    main.o(.text) refers to main.o(.bss) for ball
    main.o(.text) refers to final_project_images.o(.constdata) for small_fire1_image
    graphics.o(.text) refers to lcd.o(.text) for lcd_draw_image
    graphics.o(.text) refers to printf6.o(i.__0printf$6) for __2printf
    graphics.o(.text) refers to fonts.o(.text) for lcd_print_character
    graphics.o(.text) refers to final_project_images.o(.constdata) for play_image
    graphics.o(.text) refers to printf6.o(i.__0sprintf$6) for __2sprintf
    ball.o(.text) refers to lcd.o(.text) for lcd_draw_image
    ball.o(.text) refers to graphics.o(.text) for s2b_x
    ball.o(.text) refers to final_project_images.o(.constdata) for ball_image
    fonts.o(.text) refers to lcd.o(.text) for lcd_set_pos
    fonts.o(.text) refers to lcd.o(i.lcd_write_data_u16) for lcd_write_data_u16
    fonts.o(.text) refers to strlen.o(.text) for strlen
    fonts.o(.text) refers to fonts.o(.constdata) for arialNarrow_24ptBitmaps
    pc_buffer.o(.text) refers to malloc.o(i.malloc) for malloc
    lcd.o(.text) refers to lcd.o(i.lcd_write_data_u16) for lcd_write_data_u16
    lcd.o(.text) refers to gpio_port.o(.text) for gpio_enable_port
    ps2.o(.text) refers to gpio_port.o(.text) for gpio_enable_port
    ps2.o(.text) refers to adc.o(.text) for initialize_adc
    accel.o(.text) refers to gpio_port.o(.text) for gpio_enable_port
    accel.o(.text) refers to spi.o(.text) for initialize_spi
    accel.o(.text) refers to spi_select.o(.text) for spi_select_init
    spi_select.o(.text) refers to gpio_port.o(.text) for gpio_enable_port
    serial_debug.o(.text) refers to gpio_port.o(.text) for gpio_enable_port
    serial_debug.o(.text) refers to pc_buffer.o(.text) for pc_buffer_init
    serial_debug.o(.text) refers to uart.o(.text) for uart_init
    serial_debug.o(.text) refers to main.o(.text) for DisableInterrupts
    serial_debug.o(.text) refers to serial_debug.o(.data) for Rx_Interrupts_Enabled
    serial_debug.o(.text) refers to serial_debug.o(.bss) for UART0_Tx_Buffer
    serial_debug.o(.text) refers to stdout.o(.data) for __stdout
    eeprom.o(.text) refers to i2c.o(.text) for i2cVerifyBaseAddr
    eeprom.o(.text) refers to gpio_port.o(.text) for gpio_enable_port
    ft6x06.o(.text) refers to i2c.o(.text) for I2CMasterBusy
    ft6x06.o(.text) refers to gpio_port.o(.text) for gpio_enable_port
    startup_tm4c123.o(RESET) refers to startup_tm4c123.o(STACK) for __initial_sp
    startup_tm4c123.o(RESET) refers to startup_tm4c123.o(.text) for Reset_Handler
    startup_tm4c123.o(RESET) refers to main.o(.text) for GPIOD_Handler
    startup_tm4c123.o(RESET) refers to serial_debug.o(.text) for UART0_Handler
    startup_tm4c123.o(.text) refers to system_tm4c123.o(.text) for SystemInit
    startup_tm4c123.o(.text) refers to entry.o(.ARM.Collect$$$$00000000) for __main
    system_tm4c123.o(.text) refers to system_tm4c123.o(.data) for SystemCoreClock
    validate_uart.o(.text) refers to printf6.o(i.__0sprintf$6) for __2sprintf
    validate_uart.o(.text) refers to validate_sysctl.o(.text) for validate_uart_rcgc
    validate_uart.o(.text) refers to validate_uart.o(.conststring) for .conststring
    entry.o(.ARM.Collect$$$$00000000) refers (Special) to entry10a.o(.ARM.Collect$$$$0000000D) for __rt_final_cpp
    entry.o(.ARM.Collect$$$$00000000) refers (Special) to entry11a.o(.ARM.Collect$$$$0000000F) for __rt_final_exit
    entry.o(.ARM.Collect$$$$00000000) refers (Special) to entry7b.o(.ARM.Collect$$$$00000008) for _main_clock
    entry.o(.ARM.Collect$$$$00000000) refers (Special) to entry8b.o(.ARM.Collect$$$$0000000A) for _main_cpp_init
[...]
    printf0.o(i.__0vprintf$0) refers to stdout.o(.data) for __stdout
    printf0.o(i.__0vsnprintf$0) refers to printf0.o(i._printf_core) for _printf_core
    printf0.o(i.__0vsnprintf$0) refers to printf0.o(i._snputc) for _snputc
    printf0.o(i.__0vsprintf$0) refers to printf0.o(i._printf_core) for _printf_core
    printf0.o(i.__0vsprintf$0) refers to printf0.o(i._sputc) for _sputc
    printf1.o(i.__0fprintf$1) refers to printf1.o(i._printf_core) for _printf_core
    printf1.o(i.__0fprintf$1) refers to serial_debug.o(.text) for fputc
    printf1.o(i.__0printf$1) refers to printf1.o(i._printf_core) for _printf_core
    printf1.o(i.__0printf$1) refers to serial_debug.o(.text) for fputc
    printf1.o(i.__0printf$1) refers to stdout.o(.data) for __stdout
    printf1.o(i.__0snprintf$1) refers to printf1.o(i._printf_core) for _printf_core
    printf1.o(i.__0snprintf$1) refers to printf1.o(i._snputc) for _snputc
    printf1.o(i.__0sprintf$1) refers to printf1.o(i._printf_core) for _printf_core
    printf1.o(i.__0sprintf$1) refers to printf1.o(i._sputc) for _sputc
    printf1.o(i.__0vfprintf$1) refers to printf1.o(i._printf_core) for _printf_core
    printf1.o(i.__0vfprintf$1) refers to serial_debug.o(.text) for fputc
    printf1.o(i.__0vprintf$1) refers to printf1.o(i._printf_core) for _printf_core
    printf1.o(i.__0vprintf$1) refers to serial_debug.o(.text) for fputc
    printf1.o(i.__0vprintf$1) refers to stdout.o(.data) for __stdout
    printf1.o(i.__0vsnprintf$1) refers to printf1.o(i._printf_core) for _printf_core
    printf1.o(i.__0vsnprintf$1) refers to printf1.o(i._snputc) for _snputc
    printf1.o(i.__0vsprintf$1) refers to printf1.o(i._printf_core) for _printf_core
    printf1.o(i.__0vsprintf$1) refers to printf1.o(i._sputc) for _sputc
    printf1.o(i._printf_core) refers to uidiv.o(.text) for __aeabi_uidivmod
    printf2.o(i.__0fprintf$2) refers to printf2.o(i._printf_core) for _printf_core
    printf2.o(i.__0fprintf$2) refers to serial_debug.o(.text) for fputc
    printf2.o(i.__0printf$2) refers to printf2.o(i._printf_core) for _printf_core
    printf2.o(i.__0printf$2) refers to serial_debug.o(.text) for fputc
    printf2.o(i.__0printf$2) refers to stdout.o(.data) for __stdout
    printf2.o(i.__0snprintf$2) refers to printf2.o(i._printf_core) for _printf_core
    printf2.o(i.__0snprintf$2) refers to printf2.o(i._snputc) for _snputc
    printf2.o(i.__0sprintf$2) refers to printf2.o(i._printf_core) for _printf_core
    printf2.o(i.__0sprintf$2) refers to printf2.o(i._sputc) for _sputc
    printf2.o(i.__0vfprintf$2) refers to printf2.o(i._printf_core) for _printf_core
    printf2.o(i.__0vfprintf$2) refers to serial_debug.o(.text) for fputc
    printf2.o(i.__0vprintf$2) refers to printf2.o(i._printf_core) for _printf_core
    printf2.o(i.__0vprintf$2) refers to serial_debug.o(.text) for fputc
    printf2.o(i.__0vprintf$2) refers to stdout.o(.data) for __stdout
    printf2.o(i.__0vsnprintf$2) refers to printf2.o(i._printf_core) for _printf_core
    printf2.o(i.__0vsnprintf$2) refers to printf2.o(i._snputc) for _snputc
    printf2.o(i.__0vsprintf$2) refers to printf2.o(i._printf_core) for _printf_core
    printf2.o(i.__0vsprintf$2) refers to printf2.o(i._sputc) for _sputc
    printf3.o(i.__0fprintf$3) refers to printf3.o(i._printf_core) for _printf_core
    printf3.o(i.__0fprintf$3) refers to serial_debug.o(.text) for fputc
    printf3.o(i.__0printf$3) refers to printf3.o(i._printf_core) for _printf_core
    printf3.o(i.__0printf$3) refers to serial_debug.o(.text) for fputc
    printf3.o(i.__0printf$3) refers to stdout.o(.data) for __stdout
    printf3.o(i.__0snprintf$3) refers to printf3.o(i._printf_core) for _printf_core
    printf3.o(i.__0snprintf$3) refers to printf3.o(i._snputc) for _snputc
    printf3.o(i.__0sprintf$3) refers to printf3.o(i._printf_core) for _printf_core
    printf3.o(i.__0sprintf$3) refers to printf3.o(i._sputc) for _sputc
    printf3.o(i.__0vfprintf$3) refers to printf3.o(i._printf_core) for _printf_core
    printf3.o(i.__0vfprintf$3) refers to serial_debug.o(.text) for fputc
    printf3.o(i.__0vprintf$3) refers to printf3.o(i._printf_core) for _printf_core
    printf3.o(i.__0vprintf$3) refers to serial_debug.o(.text) for fputc
    printf3.o(i.__0vprintf$3) refers to stdout.o(.data) for __stdout
    printf3.o(i.__0vsnprintf$3) refers to printf3.o(i._printf_core) for _printf_core
    printf3.o(i.__0vsnprintf$3) refers to printf3.o(i._snputc) for _snputc
    printf3.o(i.__0vsprintf$3) refers to printf3.o(i._printf_core) for _printf_core
    printf3.o(i.__0vsprintf$3) refers to printf3.o(i._sputc) for _sputc
    printf3.o(i._printf_core) refers to uidiv.o(.text) for __aeabi_uidivmod
    printf4.o(i.__0fprintf$4) refers to printf4.o(i._printf_core) for _printf_core
    printf4.o(i.__0fprintf$4) refers to serial_debug.o(.text) for fputc
    printf4.o(i.__0printf$4) refers to printf4.o(i._printf_core) for _printf_core
    printf4.o(i.__0printf$4) refers to serial_debug.o(.text) for fputc
    printf4.o(i.__0printf$4) refers to stdout.o(.data) for __stdout
    printf4.o(i.__0snprintf$4) refers to printf4.o(i._printf_core) for _printf_core
    printf4.o(i.__0snprintf$4) refers to printf4.o(i._snputc) for _snputc
    printf4.o(i.__0sprintf$4) refers to printf4.o(i._printf_core) for _printf_core
    printf4.o(i.__0sprintf$4) refers to printf4.o(i._sputc) for _sputc
    printf4.o(i.__0vfprintf$4) refers to printf4.o(i._printf_core) for _printf_core
    printf4.o(i.__0vfprintf$4) refers to serial_debug.o(.text) for fputc
    printf4.o(i.__0vprintf$4) refers to printf4.o(i._printf_core) for _printf_core
    printf4.o(i.__0vprintf$4) refers to serial_debug.o(.text) for fputc
    printf4.o(i.__0vprintf$4) refers to stdout.o(.data) for __stdout
    printf4.o(i.__0vsnprintf$4) refers to printf4.o(i._printf_core) for _printf_core
    printf4.o(i.__0vsnprintf$4) refers to printf4.o(i._snputc) for _snputc
    printf4.o(i.__0vsprintf$4) refers to printf4.o(i._printf_core) for _printf_core
    printf4.o(i.__0vsprintf$4) refers to printf4.o(i._sputc) for _sputc
    printf4.o(i._printf_core) refers to uldiv.o(.text) for __aeabi_uldivmod
    printf5.o(i.__0fprintf$5) refers to printf5.o(i._printf_core) for _printf_core
    printf5.o(i.__0fprintf$5) refers to serial_debug.o(.text) for fputc
    printf5.o(i.__0printf$5) refers to printf5.o(i._printf_core) for _printf_core
    printf5.o(i.__0printf$5) refers to serial_debug.o(.text) for fputc
    printf5.o(i.__0printf$5) refers to stdout.o(.data) for __stdout
    printf5.o(i.__0snprintf$5) refers to printf5.o(i._printf_core) for _printf_core
    printf5.o(i.__0snprintf$5) refers to printf5.o(i._snputc) for _snputc
    printf5.o(i.__0sprintf$5) refers to printf5.o(i._printf_core) for _printf_core
    printf5.o(i.__0sprintf$5) refers to printf5.o(i._sputc) for _sputc
    printf5.o(i.__0vfprintf$5) refers to printf5.o(i._printf_core) for _printf_core
    printf5.o(i.__0vfprintf$5) refers to serial_debug.o(.text) for fputc
    printf5.o(i.__0vprintf$5) refers to printf5.o(i._printf_core) for _printf_core
    printf5.o(i.__0vprintf$5) refers to serial_debug.o(.text) for fputc
    printf5.o(i.__0vprintf$5) refers to stdout.o(.data) for __stdout
    printf5.o(i.__0vsnprintf$5) refers to printf5.o(i._printf_core) for _printf_core
    printf5.o(i.__0vsnprintf$5) refers to printf5.o(i._snputc) for _snputc
    printf5.o(i.__0vsprintf$5) refers to printf5.o(i._printf_core) for _printf_core
    printf5.o(i.__0vsprintf$5) refers to printf5.o(i._sputc) for _sputc
    printf5.o(i._printf_core) refers to uldiv.o(.text) for __aeabi_uldivmod
    printf6.o(i.__0fprintf$6) refers to printf6.o(i._printf_core) for _printf_core
    printf6.o(i.__0fprintf$6) refers to serial_debug.o(.text) for fputc
    printf6.o(i.__0printf$6) refers to printf6.o(i._printf_core) for _printf_core
    printf6.o(i.__0printf$6) refers to serial_debug.o(.text) for fputc
    printf6.o(i.__0printf$6) refers to stdout.o(.data) for __stdout
    printf6.o(i.__0snprintf$6) refers to printf6.o(i._printf_core) for _printf_core
    printf6.o(i.__0snprintf$6) refers to printf6.o(i._snputc) for _snputc
    printf6.o(i.__0sprintf$6) refers to printf6.o(i._printf_core) for _printf_core
    printf6.o(i.__0sprintf$6) refers to printf6.o(i._sputc) for _sputc
    printf6.o(i.__0vfprintf$6) refers to printf6.o(i._printf_core) for _printf_core
    printf6.o(i.__0vfprintf$6) refers to serial_debug.o(.text) for fputc
    printf6.o(i.__0vprintf$6) refers to printf6.o(i._printf_core) for _printf_core
    printf6.o(i.__0vprintf$6) refers to serial_debug.o(.text) for fputc
    printf6.o(i.__0vprintf$6) refers to stdout.o(.data) for __stdout
    printf6.o(i.__0vsnprintf$6) refers to printf6.o(i._printf_core) for _printf_core
    printf6.o(i.__0vsnprintf$6) refers to printf6.o(i._snputc) for _snputc
    printf6.o(i.__0vsprintf$6) refers to printf6.o(i._printf_core) for _printf_core
    printf6.o(i.__0vsprintf$6) refers to printf6.o(i._sputc) for _sputc
    printf6.o(i._printf_core) refers to printf6.o(i._printf_pre_padding) for _printf_pre_padding
    printf6.o(i._printf_core) refers to uidiv.o(.text) for __aeabi_uidivmod
    printf6.o(i._printf_core) refers to printf6.o(i._printf_post_padding) for _printf_post_padding
    printf7.o(i.__0fprintf$7) refers to printf7.o(i._printf_core) for _printf_core
    printf7.o(i.__0fprintf$7) refers to serial_debug.o(.text) for fputc
    printf7.o(i.__0printf$7) refers to printf7.o(i._printf_core) for _printf_core
    printf7.o(i.__0printf$7) refers to serial_debug.o(.text) for fputc
    printf7.o(i.__0printf$7) refers to stdout.o(.data) for __stdout
    printf7.o(i.__0snprintf$7) refers to printf7.o(i._printf_core) for _printf_core
    printf7.o(i.__0snprintf$7) refers to printf7.o(i._snputc) for _snputc
    printf7.o(i.__0sprintf$7) refers to printf7.o(i._printf_core) for _printf_core
    printf7.o(i.__0sprintf$7) refers to printf7.o(i._sputc) for _sputc
    printf7.o(i.__0vfprintf$7) refers to printf7.o(i._printf_core) for _printf_core
    printf7.o(i.__0vfprintf$7) refers to serial_debug.o(.text) for fputc
    printf7.o(i.__0vprintf$7) refers to printf7.o(i._printf_core) for _printf_core
    printf7.o(i.__0vprintf$7) refers to serial_debug.o(.text) for fputc
    printf7.o(i.__0vprintf$7) refers to stdout.o(.data) for __stdout
    printf7.o(i.__0vsnprintf$7) refers to printf7.o(i._printf_core) for _printf_core
    printf7.o(i.__0vsnprintf$7) refers to printf7.o(i._snputc) for _snputc
    printf7.o(i.__0vsprintf$7) refers to printf7.o(i._printf_core) for _printf_core
    printf7.o(i.__0vsprintf$7) refers to printf7.o(i._sputc) for _sputc
    printf7.o(i._printf_core) refers to printf7.o(i._printf_pre_padding) for _printf_pre_padding
    printf7.o(i._printf_core) refers to uldiv.o(.text) for __aeabi_uldivmod
    printf7.o(i._printf_core) refers to printf7.o(i._printf_post_padding) for _printf_post_padding
    printf8.o(i.__0fprintf$8) refers to printf8.o(i._printf_core) for _printf_core
    printf8.o(i.__0fprintf$8) refers to serial_debug.o(.text) for fputc
    printf8.o(i.__0printf$8) refers to printf8.o(i._printf_core) for _printf_core
    printf8.o(i.__0printf$8) refers to serial_debug.o(.text) for fputc
    printf8.o(i.__0printf$8) refers to stdout.o(.data) for __stdout
    printf8.o(i.__0snprintf$8) refers to printf8.o(i._printf_core) for _printf_core
    printf8.o(i.__0snprintf$8) refers to printf8.o(i._snputc) for _snputc
    printf8.o(i.__0sprintf$8) refers to printf8.o(i._printf_core) for _printf_core
    printf8.o(i.__0sprintf$8) refers to printf8.o(i._sputc) for _sputc
    printf8.o(i.__0vfprintf$8) refers to printf8.o(i._printf_core) for _printf_core
    printf8.o(i.__0vfprintf$8) refers to serial_debug.o(.text) for fputc
    printf8.o(i.__0vprintf$8) refers to printf8.o(i._printf_core) for _printf_core
    printf8.o(i.__0vprintf$8) refers to serial_debug.o(.text) for fputc
    printf8.o(i.__0vprintf$8) refers to stdout.o(.data) for __stdout
    printf8.o(i.__0vsnprintf$8) refers to printf8.o(i._printf_core) for _printf_core
    printf8.o(i.__0vsnprintf$8) refers to printf8.o(i._snputc) for _snputc
    printf8.o(i.__0vsprintf$8) refers to printf8.o(i._printf_core) for _printf_core
    printf8.o(i.__0vsprintf$8) refers to printf8.o(i._sputc) for _sputc
    printf8.o(i._printf_core) refers to printf8.o(i._printf_pre_padding) for _printf_pre_padding
    printf8.o(i._printf_core) refers to uldiv.o(.text) for __aeabi_uldivmod
    printf8.o(i._printf_core) refers to printf8.o(i._printf_post_padding) for _printf_post_padding
    printfa.o(i.__0fprintf) refers (Special) to iusefp.o(.text) for __I$use$fp
    printfa.o(i.__0fprintf) refers to printfa.o(i._printf_core) for _printf_core
    printfa.o(i.__0fprintf) refers to serial_debug.o(.text) for fputc
    printfa.o(i.__0printf) refers (Special) to iusefp.o(.text) for __I$use$fp
    printfa.o(i.__0printf) refers to printfa.o(i._printf_core) for _printf_core
    printfa.o(i.__0printf) refers to serial_debug.o(.text) for fputc
    printfa.o(i.__0printf) refers to stdout.o(.data) for __stdout
    printfa.o(i.__0snprintf) refers (Special) to iusefp.o(.text) for __I$use$fp
    printfa.o(i.__0snprintf) refers to printfa.o(i._printf_core) for _printf_core
    printfa.o(i.__0snprintf) refers to printfa.o(i._snputc) for _snputc
    printfa.o(i.__0sprintf) refers (Special) to iusefp.o(.text) for __I$use$fp
    printfa.o(i.__0sprintf) refers to printfa.o(i._printf_core) for _printf_core
    printfa.o(i.__0sprintf) refers to printfa.o(i._sputc) for _sputc
    printfa.o(i.__0vfprintf) refers (Special) to iusefp.o(.text) for __I$use$fp
    printfa.o(i.__0vfprintf) refers to printfa.o(i._printf_core) for _printf_core
    printfa.o(i.__0vfprintf) refers to serial_debug.o(.text) for fputc
    printfa.o(i.__0vprintf) refers (Special) to iusefp.o(.text) for __I$use$fp
    printfa.o(i.__0vprintf) refers to printfa.o(i._printf_core) for _printf_core
    printfa.o(i.__0vprintf) refers to serial_debug.o(.text) for fputc
    printfa.o(i.__0vprintf) refers to stdout.o(.data) for __stdout
    printfa.o(i.__0vsnprintf) refers (Special) to iusefp.o(.text) for __I$use$fp
    printfa.o(i.__0vsnprintf) refers to printfa.o(i._printf_core) for _printf_core
    printfa.o(i.__0vsnprintf) refers to printfa.o(i._snputc) for _snputc
    printfa.o(i.__0vsprintf) refers (Special) to iusefp.o(.text) for __I$use$fp
    printfa.o(i.__0vsprintf) refers to printfa.o(i._printf_core) for _printf_core
    printfa.o(i.__0vsprintf) refers to printfa.o(i._sputc) for _sputc
    printfa.o(i._fp_digits) refers (Special) to iusefp.o(.text) for __I$use$fp
    printfa.o(i._fp_digits) refers to dmul.o(.text) for __aeabi_dmul
    printfa.o(i._fp_digits) refers to ddiv.o(.text) for __aeabi_ddiv
    printfa.o(i._fp_digits) refers to cdrcmple.o(.text) for __aeabi_cdrcmple
    printfa.o(i._fp_digits) refers to dadd.o(.text) for __aeabi_dadd
    printfa.o(i._fp_digits) refers to dfixul.o(.text) for __aeabi_d2ulz
    printfa.o(i._fp_digits) refers to uldiv.o(.text) for __aeabi_uldivmod
    printfa.o(i._printf_core) refers (Special) to iusefp.o(.text) for __I$use$fp
    printfa.o(i._printf_core) refers to printfa.o(i._printf_pre_padding) for _printf_pre_padding
    printfa.o(i._printf_core) refers to uldiv.o(.text) for __aeabi_uldivmod
    printfa.o(i._printf_core) refers to printfa.o(i._printf_post_padding) for _printf_post_padding
    printfa.o(i._printf_core) refers to printfa.o(i._fp_digits) for _fp_digits
    printfa.o(i._printf_core) refers to uidiv.o(.text) for __aeabi_uidivmod
    printfa.o(i._printf_post_padding) refers (Special) to iusefp.o(.text) for __I$use$fp
    printfa.o(i._printf_pre_padding) refers (Special) to iusefp.o(.text) for __I$use$fp
    printfa.o(i._snputc) refers (Special) to iusefp.o(.text) for __I$use$fp
    printfa.o(i._sputc) refers (Special) to iusefp.o(.text) for __I$use$fp
    malloc.o(i.free) refers to mvars.o(.data) for __microlib_freelist
    malloc.o(i.malloc) refers to mvars.o(.data) for __microlib_freelist_initialised
    malloc.o(i.malloc) refers to mvars.o(.data) for __microlib_freelist
    malloc.o(i.malloc) refers to startup_tm4c123.o(HEAP) for __heap_base
    mallocr.o(i.__free$realloc) refers to mvars.o(.data) for __microlib_freelist
    mallocr.o(i.__malloc$realloc) refers to mallocr.o(i.internal_alloc) for internal_alloc
    mallocr.o(i.__malloc$realloc) refers to mvars.o(.data) for __microlib_freelist_initialised
    mallocr.o(i.__malloc$realloc) refers to startup_tm4c123.o(HEAP) for __heap_base
    mallocr.o(i.__malloc$realloc) refers to mvars.o(.data) for __microlib_freelist
    mallocr.o(i.internal_alloc) refers to memcpya.o(.text) for __aeabi_memcpy
    mallocr.o(i.internal_alloc) refers to mvars.o(.data) for __microlib_freelist
    mallocr.o(i.realloc) refers to mallocr.o(i.__free$realloc) for __free$realloc
    mallocr.o(i.realloc) refers to mallocr.o(i.internal_alloc) for internal_alloc
    mallocr.o(i.realloc) refers to mallocr.o(i.__malloc$realloc) for __malloc$realloc
    mallocr.o(i.realloc) refers to mvars.o(.data) for __microlib_freelist
    malloca.o(i.__aligned_malloc) refers to mvars.o(.data) for __microlib_freelist_initialised
    malloca.o(i.__aligned_malloc) refers to mvars.o(.data) for __microlib_freelist
    malloca.o(i.__aligned_malloc) refers to startup_tm4c123.o(HEAP) for __heap_base
    malloca.o(i.__free$memalign) refers to mvars.o(.data) for __microlib_freelist
    malloca.o(i.__malloc$memalign) refers to malloca.o(i.__aligned_malloc) for __aligned_malloc
    mallocra.o(i.__aligned_malloc$realloc) refers to mallocra.o(i.internal_alloc) for internal_alloc
    mallocra.o(i.__aligned_malloc$realloc) refers to mvars.o(.data) for __microlib_freelist_initialised
    mallocra.o(i.__aligned_malloc$realloc) refers to startup_tm4c123.o(HEAP) for __heap_base
    mallocra.o(i.__aligned_malloc$realloc) refers to mvars.o(.data) for __microlib_freelist
    mallocra.o(i.__free$realloc$memalign) refers to mvars.o(.data) for __microlib_freelist
    mallocra.o(i.__malloc$realloc$memalign) refers to mallocra.o(i.__aligned_malloc$realloc) for __aligned_malloc$realloc
    mallocra.o(i.__realloc$memalign) refers to mallocra.o(i.__free$realloc$memalign) for __free$realloc$memalign
    mallocra.o(i.__realloc$memalign) refers to mallocra.o(i.internal_alloc) for internal_alloc
    mallocra.o(i.__realloc$memalign) refers to mallocra.o(i.__malloc$realloc$memalign) for __malloc$realloc$memalign
    mallocra.o(i.__realloc$memalign) refers to mvars.o(.data) for __microlib_freelist
    mallocra.o(i.internal_alloc) refers to memcpya.o(.text) for __aeabi_memcpy
    mallocra.o(i.internal_alloc) refers to mvars.o(.data) for __microlib_freelist
    entry2.o(.ARM.Collect$$$$00000001) refers to entry2.o(.ARM.Collect$$$$00002712) for __lit__00000000
    entry2.o(.ARM.Collect$$$$00002712) refers to startup_tm4c123.o(STACK) for __initial_sp
    entry2.o(__vectab_stack_and_reset_area) refers to startup_tm4c123.o(STACK) for __initial_sp
    entry2.o(__vectab_stack_and_reset_area) refers to entry.o(.ARM.Collect$$$$00000000) for __main
    entry5.o(.ARM.Collect$$$$00000004) refers to init.o(.text) for __scatterload
    entry9a.o(.ARM.Collect$$$$0000000B) refers to main.o(.text) for main
    entry9b.o(.ARM.Collect$$$$0000000C) refers to main.o(.text) for main
    uldiv.o(.text) refers to llushr.o(.text) for __aeabi_llsr
    uldiv.o(.text) refers to llshl.o(.text) for __aeabi_llsl
    dadd.o(.text) refers to llshl.o(.text) for __aeabi_llsl
    dadd.o(.text) refers to llsshr.o(.text) for __aeabi_lasr
    dadd.o(.text) refers to depilogue.o(.text) for _double_epilogue
    dmul.o(.text) refers to depilogue.o(.text) for _double_epilogue
    ddiv.o(.text) refers to depilogue.o(.text) for _double_round
    dfixul.o(.text) refers to llushr.o(.text) for __aeabi_llsr
    dfixul.o(.text) refers to llshl.o(.text) for __aeabi_llsl
    init.o(.text) refers to entry5.o(.ARM.Collect$$$$00000004) for __main_after_scatterload
    depilogue.o(.text) refers to llshl.o(.text) for __aeabi_llsl
    depilogue.o(.text) refers to llushr.o(.text) for __aeabi_llsr


==============================================================================

Removing Unused input sections from the image.

    Removing main.o(.rev16_text), (4 bytes).
    Removing main.o(.revsh_text), (4 bytes).
    Removing main.o(.rrx_text), (6 bytes).
    Removing hw3_images.o(.constdata), (370 bytes).
    Removing graphics.o(.rev16_text), (4 bytes).
    Removing graphics.o(.revsh_text), (4 bytes).
    Removing graphics.o(.rrx_text), (6 bytes).
    Removing levels.o(.rev16_text), (4 bytes).
    Removing levels.o(.revsh_text), (4 bytes).
    Removing levels.o(.rrx_text), (6 bytes).
    Removing ball.o(.rev16_text), (4 bytes).
    Removing ball.o(.revsh_text), (4 bytes).
    Removing ball.o(.rrx_text), (6 bytes).
    Removing fonts.o(.rev16_text), (4 bytes).
    Removing fonts.o(.revsh_text), (4 bytes).
    Removing fonts.o(.rrx_text), (6 bytes).
    Removing adc.o(.rev16_text), (4 bytes).
    Removing adc.o(.revsh_text), (4 bytes).
    Removing adc.o(.rrx_text), (6 bytes).
    Removing gpio_port.o(.rev16_text), (4 bytes).
    Removing gpio_port.o(.revsh_text), (4 bytes).
    Removing gpio_port.o(.rrx_text), (6 bytes).
    Removing timers.o(.rev16_text), (4 bytes).
    Removing timers.o(.revsh_text), (4 bytes).
    Removing timers.o(.rrx_text), (6 bytes).
    Removing spi.o(.rev16_text), (4 bytes).
    Removing spi.o(.revsh_text), (4 bytes).
    Removing spi.o(.rrx_text), (6 bytes).
    Removing i2c.o(.rev16_text), (4 bytes).
    Removing i2c.o(.revsh_text), (4 bytes).
    Removing i2c.o(.rrx_text), (6 bytes).
    Removing uart.o(.rev16_text), (4 bytes).
    Removing uart.o(.revsh_text), (4 bytes).
    Removing uart.o(.rrx_text), (6 bytes).
    Removing launchpad_io.o(.rev16_text), (4 bytes).
    Removing launchpad_io.o(.revsh_text), (4 bytes).
    Removing launchpad_io.o(.rrx_text), (6 bytes).
    Removing launchpad_io.o(.text), (200 bytes).
    Removing lcd.o(.rev16_text), (4 bytes).
    Removing lcd.o(.revsh_text), (4 bytes).
    Removing lcd.o(.rrx_text), (6 bytes).
    Removing ps2.o(.rev16_text), (4 bytes).
    Removing ps2.o(.revsh_text), (4 bytes).
    Removing ps2.o(.rrx_text), (6 bytes).
    Removing accel.o(.rev16_text), (4 bytes).
    Removing accel.o(.revsh_text), (4 bytes).
    Removing accel.o(.rrx_text), (6 bytes).
    Removing spi_select.o(.rev16_text), (4 bytes).
    Removing spi_select.o(.revsh_text), (4 bytes).
    Removing spi_select.o(.rrx_text), (6 bytes).
    Removing serial_debug.o(.rev16_text), (4 bytes).
    Removing serial_debug.o(.revsh_text), (4 bytes).
    Removing serial_debug.o(.rrx_text), (6 bytes).
    Removing eeprom.o(.rev16_text), (4 bytes).
    Removing eeprom.o(.revsh_text), (4 bytes).
    Removing eeprom.o(.rrx_text), (6 bytes).
    Removing ft6x06.o(.rev16_text), (4 bytes).
    Removing ft6x06.o(.revsh_text), (4 bytes).
    Removing ft6x06.o(.rrx_text), (6 bytes).
    Removing system_tm4c123.o(.rev16_text), (4 bytes).
    Removing system_tm4c123.o(.revsh_text), (4 bytes).
    Removing system_tm4c123.o(.rrx_text), (6 bytes).
    Removing validate_uart.o(.rev16_text), (4 bytes).
    Removing validate_uart.o(.revsh_text), (4 bytes).
    Removing validate_uart.o(.rrx_text), (6 bytes).
    Removing validate_sysctl.o(.rev16_text), (4 bytes).
    Removing validate_sysctl.o(.revsh_text), (4 bytes).
    Removing validate_sysctl.o(.rrx_text), (6 bytes).
    Removing dadd.o(.text), (334 bytes).
    Removing dmul.o(.text), (228 bytes).
    Removing ddiv.o(.text), (222 bytes).
    Removing dfixul.o(.text), (48 bytes).
    Removing cdrcmple.o(.text), (48 bytes).
    Removing depilogue.o(.text), (186 bytes).

74 unused section(s) (total 1944 bytes) removed from the image.

==============================================================================

Image Symbol Table

    Local Symbols

    Symbol Name                              Value     Ov Type        Size  Object(Section)

    RESET                                    0x00000000   Section      620  startup_tm4c123.o(RESET)
    ../clib/../cmprslib/zerorunl2.c          0x00000000   Number         0  __dczerorl2.o ABSOLUTE
    ../clib/microlib/division.c              0x00000000   Number         0  uldiv.o ABSOLUTE
    ../clib/microlib/division.c              0x00000000   Number         0  uidiv.o ABSOLUTE
    ../clib/microlib/init/entry.s            0x00000000   Number         0  entry8a.o ABSOLUTE
    ../clib/microlib/init/entry.s            0x00000000   Number         0  entry5.o ABSOLUTE
    ../clib/microlib/init/entry.s            0x00000000   Number         0  entry7b.o ABSOLUTE
    ../clib/microlib/init/entry.s            0x00000000   Number         0  entry2.o ABSOLUTE
    ../clib/microlib/init/entry.s            0x00000000   Number         0  entry11a.o ABSOLUTE
    ../clib/microlib/init/entry.s            0x00000000   Number         0  entry10b.o ABSOLUTE
    ../clib/microlib/init/entry.s            0x00000000   Number         0  entry10a.o ABSOLUTE
    ../clib/microlib/init/entry.s            0x00000000   Number         0  entry9b.o ABSOLUTE
    ../clib/microlib/init/entry.s            0x00000000   Number         0  entry9a.o ABSOLUTE
    ../clib/microlib/init/entry.s            0x00000000   Number         0  entry8b.o ABSOLUTE
    ../clib/microlib/init/entry.s            0x00000000   Number         0  entry.o ABSOLUTE
    ../clib/microlib/init/entry.s            0x00000000   Number         0  entry7a.o ABSOLUTE
    ../clib/microlib/init/entry.s            0x00000000   Number         0  entry11b.o ABSOLUTE
    ../clib/microlib/longlong.c              0x00000000   Number         0  llushr.o ABSOLUTE
    ../clib/microlib/longlong.c              0x00000000   Number         0  llshl.o ABSOLUTE
    ../clib/microlib/longlong.c              0x00000000   Number         0  llsshr.o ABSOLUTE
    ../clib/microlib/malloc/malloc.c         0x00000000   Number         0  malloca.o ABSOLUTE
    ../clib/microlib/malloc/malloc.c         0x00000000   Number         0  malloc.o ABSOLUTE
    ../clib/microlib/malloc/malloc.c         0x00000000   Number         0  mallocr.o ABSOLUTE
    ../clib/microlib/malloc/malloc.c         0x00000000   Number         0  mallocra.o ABSOLUTE
    ../clib/microlib/malloc/mvars.c          0x00000000   Number         0  mvars.o ABSOLUTE
    ../clib/microlib/printf/printf.c         0x00000000   Number         0  printfb.o ABSOLUTE
    ../clib/microlib/printf/printf.c         0x00000000   Number         0  printf1.o ABSOLUTE
    ../clib/microlib/printf/printf.c         0x00000000   Number         0  printf2.o ABSOLUTE
    ../clib/microlib/printf/printf.c         0x00000000   Number         0  printf0.o ABSOLUTE
    ../clib/microlib/printf/printf.c         0x00000000   Number         0  printf6.o ABSOLUTE
    ../clib/microlib/printf/printf.c         0x00000000   Number         0  printf7.o ABSOLUTE
    ../clib/microlib/printf/printf.c         0x00000000   Number         0  printf8.o ABSOLUTE
    ../clib/microlib/printf/printf.c         0x00000000   Number         0  printf5.o ABSOLUTE
    ../clib/microlib/printf/printf.c         0x00000000   Number         0  printf3.o ABSOLUTE
    ../clib/microlib/printf/printf.c         0x00000000   Number         0  printf4.o ABSOLUTE
    ../clib/microlib/printf/printf.c         0x00000000   Number         0  printfa.o ABSOLUTE
    ../clib/microlib/printf/stubs.s          0x00000000   Number         0  stubs.o ABSOLUTE
    ../clib/microlib/stdio/streams.c         0x00000000   Number         0  stdout.o ABSOLUTE
    ../clib/microlib/stdlib/rand.c           0x00000000   Number         0  rand.o ABSOLUTE
    ../clib/microlib/string/memcpy.c         0x00000000   Number         0  memcpyb.o ABSOLUTE
    ../clib/microlib/string/memcpy.c         0x00000000   Number         0  memcpya.o ABSOLUTE
    ../clib/microlib/string/strlen.c         0x00000000   Number         0  strlen.o ABSOLUTE
    ../clib/microlib/stubs.s                 0x00000000   Number         0  iusefp.o ABSOLUTE
    ../fplib/microlib/fpadd.c                0x00000000   Number         0  dadd.o ABSOLUTE
    ../fplib/microlib/fpdiv.c                0x00000000   Number         0  ddiv.o ABSOLUTE
    ../fplib/microlib/fpepilogue.c           0x00000000   Number         0  depilogue.o ABSOLUTE
    ../fplib/microlib/fpfix.c                0x00000000   Number         0  dfixul.o ABSOLUTE
    ../fplib/microlib/fpmul.c                0x00000000   Number         0  dmul.o ABSOLUTE
    ..\\drivers\\c\\adc.c                    0x00000000   Number         0  adc.o ABSOLUTE
    ..\\drivers\\c\\gpio_port.c              0x00000000   Number         0  gpio_port.o ABSOLUTE
    ..\\drivers\\c\\i2c.c                    0x00000000   Number         0  i2c.o ABSOLUTE
    ..\\drivers\\c\\spi.c                    0x00000000   Number         0  spi.o ABSOLUTE
    ..\\drivers\\c\\timers.c                 0x00000000   Number         0  timers.o ABSOLUTE
    ..\\drivers\\c\\uart.c                   0x00000000   Number         0  uart.o ABSOLUTE
    ..\\peripherals\\c\\eeprom.c             0x00000000   Number         0  eeprom.o ABSOLUTE
    ..\\peripherals\\c\\ft6x06.c             0x00000000   Number         0  ft6x06.o ABSOLUTE
    ..\\peripherals\\c\\launchpad_io.c       0x00000000   Number         0  launchpad_io.o ABSOLUTE
    ..\\peripherals\\c\\lcd.c                0x00000000   Number         0  lcd.o ABSOLUTE
    ..\\peripherals\\c\\ps2.c                0x00000000   Number         0  ps2.o ABSOLUTE
    ..\\peripherals\\c\\serial_debug.c       0x00000000   Number         0  serial_debug.o ABSOLUTE
    ..\\peripherals\\c\\spi_select.c         0x00000000   Number         0  spi_select.o ABSOLUTE
    ..\drivers\c\adc.c                       0x00000000   Number         0  adc.o ABSOLUTE
    ..\drivers\c\gpio_port.c                 0x00000000   Number         0  gpio_port.o ABSOLUTE
    ..\drivers\c\i2c.c                       0x00000000   Number         0  i2c.o ABSOLUTE
    ..\drivers\c\pc_buffer.c                 0x00000000   Number         0  pc_buffer.o ABSOLUTE
    ..\drivers\c\spi.c                       0x00000000   Number         0  spi.o ABSOLUTE
    ..\drivers\c\timers.c                    0x00000000   Number         0  timers.o ABSOLUTE
    ..\drivers\c\uart.c                      0x00000000   Number         0  uart.o ABSOLUTE
    ..\peripherals\c\eeprom.c                0x00000000   Number         0  eeprom.o ABSOLUTE
    ..\peripherals\c\ft6x06.c                0x00000000   Number         0  ft6x06.o ABSOLUTE
    ..\peripherals\c\launchpad_io.c          0x00000000   Number         0  launchpad_io.o ABSOLUTE
    ..\peripherals\c\lcd.c                   0x00000000   Number         0  lcd.o ABSOLUTE
    ..\peripherals\c\ps2.c                   0x00000000   Number         0  ps2.o ABSOLUTE
    ..\peripherals\c\serial_debug.c          0x00000000   Number         0  serial_debug.o ABSOLUTE
    ..\peripherals\c\spi_select.c            0x00000000   Number         0  spi_select.o ABSOLUTE
    HW3_images.c                             0x00000000   Number         0  hw3_images.o ABSOLUTE
    RTE\Device\TM4C123GH6PM\startup_TM4C123.s 0x00000000   Number         0  startup_tm4c123.o ABSOLUTE
    RTE\Device\TM4C123GH6PM\system_TM4C123.c 0x00000000   Number         0  system_tm4c123.o ABSOLUTE
    RTE\\Device\\TM4C123GH6PM\\system_TM4C123.c 0x00000000   Number         0  system_tm4c123.o ABSOLUTE
    accel.c                                  0x00000000   Number         0  accel.o ABSOLUTE
    accel.c                                  0x00000000   Number         0  accel.o ABSOLUTE
    ball.c                                   0x00000000   Number         0  ball.o ABSOLUTE
    ball.c                                   0x00000000   Number         0  ball.o ABSOLUTE
    cdrcmple.s                               0x00000000   Number         0  cdrcmple.o ABSOLUTE
    dc.s                                     0x00000000   Number         0  dc.o ABSOLUTE
    final_project_images.c                   0x00000000   Number         0  final_project_images.o ABSOLUTE
    fonts.c                                  0x00000000   Number         0  fonts.o ABSOLUTE
    fonts.c                                  0x00000000   Number         0  fonts.o ABSOLUTE
    graphics.c                               0x00000000   Number         0  graphics.o ABSOLUTE
    graphics.c                               0x00000000   Number         0  graphics.o ABSOLUTE
    handlers.s                               0x00000000   Number         0  handlers.o ABSOLUTE
    init.s                                   0x00000000   Number         0  init.o ABSOLUTE
    levels.c                                 0x00000000   Number         0  levels.o ABSOLUTE
    levels.c                                 0x00000000   Number         0  levels.o ABSOLUTE
    main.c                                   0x00000000   Number         0  main.o ABSOLUTE
    main.c                                   0x00000000   Number         0  main.o ABSOLUTE
    validate_sysctl.c                        0x00000000   Number         0  validate_sysctl.o ABSOLUTE
    validate_sysctl.c                        0x00000000   Number         0  validate_sysctl.o ABSOLUTE
    validate_uart.c                          0x00000000   Number         0  validate_uart.o ABSOLUTE
    validate_uart.c                          0x00000000   Number         0  validate_uart.o ABSOLUTE
    .ARM.Collect$$$$00000000                 0x0000026c   Section        0  entry.o(.ARM.Collect$$$$00000000)
    .ARM.Collect$$$$00000001                 0x0000026c   Section        4  entry2.o(.ARM.Collect$$$$00000001)
    .ARM.Collect$$$$00000004                 0x00000270   Section        4  entry5.o(.ARM.Collect$$$$00000004)
    .ARM.Collect$$$$00000008                 0x00000274   Section        0  entry7b.o(.ARM.Collect$$$$00000008)
    .ARM.Collect$$$$0000000A                 0x00000274   Section        0  entry8b.o(.ARM.Collect$$$$0000000A)
    .ARM.Collect$$$$0000000B                 0x00000274   Section        8  entry9a.o(.ARM.Collect$$$$0000000B)
    .ARM.Collect$$$$0000000D                 0x0000027c   Section        0  entry10a.o(.ARM.Collect$$$$0000000D)
    .ARM.Collect$$$$0000000F                 0x0000027c   Section        0  entry11a.o(.ARM.Collect$$$$0000000F)
    .ARM.Collect$$$$00002712                 0x0000027c   Section        4  entry2.o(.ARM.Collect$$$$00002712)
    __lit__00000000                          0x0000027c   Data           4  entry2.o(.ARM.Collect$$$$00002712)
    .text                                    0x00000280   Section        0  main.o(.text)
    __NVIC_SetPriority                       0x00000281   Thumb Code    32  main.o(.text)
    __NVIC_EnableIRQ                         0x00000e1b   Thumb Code    26  main.o(.text)
    .text                                    0x00000e88   Section        0  graphics.o(.text)
    .text                                    0x000013dc   Section        0  ball.o(.text)
    .text                                    0x00001664   Section        0  fonts.o(.text)
    .text                                    0x00001790   Section        0  adc.o(.text)
    .text                                    0x00001914   Section        0  gpio_port.o(.text)
    verify_base_addr                         0x00001915   Thumb Code    64  gpio_port.o(.text)
    .text                                    0x00001bb0   Section        0  timers.o(.text)
    verify_base_addr                         0x00001bb1   Thumb Code    64  timers.o(.text)
    get_clock_masks                          0x00001bf1   Thumb Code   106  timers.o(.text)
    .text                                    0x00001db8   Section        0  spi.o(.text)
    .text                                    0x00001f48   Section        0  i2c.o(.text)
    .text                                    0x00002150   Section        0  pc_buffer.o(.text)
    .text                                    0x000021cc   Section        0  uart.o(.text)
    .text                                    0x00002454   Section        0  lcd.o(.text)
    delayms                                  0x00002455   Thumb Code    26  lcd.o(.text)
    lcd_write_cmd_u8                         0x0000246f   Thumb Code    34  lcd.o(.text)
    lcd_write_data_u8                        0x00002491   Thumb Code    36  lcd.o(.text)
    .text                                    0x000028e8   Section        0  ps2.o(.text)
    initialize_adc_gpio_pins                 0x000028e9   Thumb Code    58  ps2.o(.text)
    .text                                    0x00002960   Section        0  accel.o(.text)
    .text                                    0x00002b6c   Section        0  spi_select.o(.text)
    .text                                    0x00002c10   Section        0  serial_debug.o(.text)
    .text                                    0x00002e18   Section        0  eeprom.o(.text)
    eeprom_wait_for_write                    0x00002e19   Thumb Code    68  eeprom.o(.text)
    .text                                    0x00002fe4   Section        0  ft6x06.o(.text)
    ft6x06_set_addr                          0x00002fe5   Thumb Code    50  ft6x06.o(.text)
    ft6x06_read_data                         0x00003017   Thumb Code    52  ft6x06.o(.text)
    .text                                    0x000031bc   Section      252  startup_tm4c123.o(.text)
    $v0                                      0x000031bc   Number         0  startup_tm4c123.o(.text)
    .text                                    0x000032b8   Section        0  system_tm4c123.o(.text)
    getOscClk                                0x000032b9   Thumb Code   182  system_tm4c123.o(.text)
    .text                                    0x00003508   Section        0  validate_uart.o(.text)
    uart_get_ibrd                            0x000035b3   Thumb Code    30  validate_uart.o(.text)
    uart_get_fbrd                            0x000035d1   Thumb Code    28  validate_uart.o(.text)
    uart_get_irq_num                         0x000035ed   Thumb Code    68  validate_uart.o(.text)
    .text                                    0x00003908   Section        0  validate_sysctl.o(.text)
    get_gpio_rcgc                            0x00003909   Thumb Code    74  validate_sysctl.o(.text)
    get_adc_rcgc                             0x00003953   Thumb Code    28  validate_sysctl.o(.text)
    get_gpt_rcgc                             0x0000396f   Thumb Code    74  validate_sysctl.o(.text)
    get_uart_rcgc                            0x000039b9   Thumb Code    68  validate_sysctl.o(.text)
    get_spi_rcgc                             0x000039fd   Thumb Code    48  validate_sysctl.o(.text)
    .text                                    0x00003ad4   Section        0  rand.o(.text)
    .text                                    0x00003af8   Section        0  strlen.o(.text)
    .text                                    0x00003b06   Section        0  uidiv.o(.text)
    .text                                    0x00003b34   Section       36  init.o(.text)
    .text                                    0x00003b58   Section        0  __dczerorl2.o(.text)
    i.__0printf$6                            0x00003bb0   Section        0  printf6.o(i.__0printf$6)
    i.__0sprintf$6                           0x00003bd0   Section        0  printf6.o(i.__0sprintf$6)
    i.__scatterload_copy                     0x00003bf8   Section       14  handlers.o(i.__scatterload_copy)
    i.__scatterload_null                     0x00003c06   Section        2  handlers.o(i.__scatterload_null)
    i.__scatterload_zeroinit                 0x00003c08   Section       14  handlers.o(i.__scatterload_zeroinit)
    i._printf_core                           0x00003c18   Section        0  printf6.o(i._printf_core)
    _printf_core                             0x00003c19   Thumb Code   748  printf6.o(i._printf_core)
    i._printf_post_padding                   0x00003f08   Section        0  printf6.o(i._printf_post_padding)
    _printf_post_padding                     0x00003f09   Thumb Code    36  printf6.o(i._printf_post_padding)
    i._printf_pre_padding                    0x00003f2c   Section        0  printf6.o(i._printf_pre_padding)
    _printf_pre_padding                      0x00003f2d   Thumb Code    46  printf6.o(i._printf_pre_padding)
    i._sputc                                 0x00003f5a   Section        0  printf6.o(i._sputc)
    _sputc                                   0x00003f5b   Thumb Code    10  printf6.o(i._sputc)
    i.lcd_write_data_u16                     0x00003f64   Section        0  lcd.o(i.lcd_write_data_u16)
    i.malloc                                 0x00003fb0   Section        0  malloc.o(i.malloc)
    .constdata                               0x0000401c   Section     8364  final_project_images.o(.constdata)
    .constdata                               0x000060c8   Section    12586  fonts.o(.constdata)
    .conststring                             0x000091f4   Section       92  validate_uart.o(.conststring)
    .data                                    0x20000000   Section      116  main.o(.data)
    debounce_cnt                             0x20000070   Data           4  main.o(.data)
    .data                                    0x20000074   Section      900  levels.o(.data)
    .data                                    0x200003f8   Section        2  serial_debug.o(.data)
    Rx_Interrupts_Enabled                    0x200003f8   Data           1  serial_debug.o(.data)
    Tx_Interrupts_Enabled                    0x200003f9   Data           1  serial_debug.o(.data)
    .data                                    0x200003fc   Section        4  system_tm4c123.o(.data)
    .data                                    0x20000400   Section        4  stdout.o(.data)
    .data                                    0x20000404   Section        4  rand.o(.data)
    _rand_state                              0x20000404   Data           4  rand.o(.data)
    .data                                    0x20000408   Section        4  mvars.o(.data)
    .data                                    0x2000040c   Section        4  mvars.o(.data)
    .bss                                     0x20000410   Section       16  main.o(.bss)
    .bss                                     0x20000420   Section      300  levels.o(.bss)
    .bss                                     0x2000054c   Section       28  serial_debug.o(.bss)
    HEAP                                     0x20000568   Section        0  startup_tm4c123.o(HEAP)
    STACK                                    0x20000568   Section     4096  startup_tm4c123.o(STACK)

    Global Symbols

    Symbol Name                              Value     Ov Type        Size  Object(Section)

    BuildAttributes$$THM_ISAv4$E$P$D$K$B$S$7EM$VFPi3$EXTD16$VFPS$VFMA$PE$A:L22UL41UL21$X:L11$S22US41US21$IEEE1$IW$USESV6$~STKCKD$USESV7$~SHL$OSPACE$ROPI$EBA8$MICROLIB$REQ8$PRES8$EABIv2 0x00000000   Number         0  anon$$obj.o ABSOLUTE
    __ARM_use_no_argv                        0x00000000   Number         0  main.o ABSOLUTE
    __Vectors                                0x00000000   Data           4  startup_tm4c123.o(RESET)
    _printf_a                                0x00000000   Number         0  stubs.o ABSOLUTE
    _printf_c                                0x00000000   Number         0  stubs.o ABSOLUTE
    _printf_charcount                        0x00000000   Number         0  stubs.o ABSOLUTE
    _printf_d                                0x00000000   Number         0  stubs.o ABSOLUTE
    _printf_e                                0x00000000   Number         0  stubs.o ABSOLUTE
    _printf_f                                0x00000000   Number         0  stubs.o ABSOLUTE
    _printf_flags                            0x00000000   Number         0  stubs.o ABSOLUTE
    _printf_fp_dec                           0x00000000   Number         0  stubs.o ABSOLUTE
    _printf_fp_hex                           0x00000000   Number         0  stubs.o ABSOLUTE
    _printf_g                                0x00000000   Number         0  stubs.o ABSOLUTE
    _printf_i                                0x00000000   Number         0  stubs.o ABSOLUTE
    _printf_int_dec                          0x00000000   Number         0  stubs.o ABSOLUTE
    _printf_l                                0x00000000   Number         0  stubs.o ABSOLUTE
    _printf_lc                               0x00000000   Number         0  stubs.o ABSOLUTE
    _printf_ll                               0x00000000   Number         0  stubs.o ABSOLUTE
    _printf_lld                              0x00000000   Number         0  stubs.o ABSOLUTE
    _printf_lli                              0x00000000   Number         0  stubs.o ABSOLUTE
    _printf_llo                              0x00000000   Number         0  stubs.o ABSOLUTE
    _printf_llu                              0x00000000   Number         0  stubs.o ABSOLUTE
    _printf_llx                              0x00000000   Number         0  stubs.o ABSOLUTE
    _printf_longlong_dec                     0x00000000   Number         0  stubs.o ABSOLUTE
    _printf_longlong_hex                     0x00000000   Number         0  stubs.o ABSOLUTE
    _printf_longlong_oct                     0x00000000   Number         0  stubs.o ABSOLUTE
    _printf_ls                               0x00000000   Number         0  stubs.o ABSOLUTE
    _printf_mbtowc                           0x00000000   Number         0  stubs.o ABSOLUTE
    _printf_n                                0x00000000   Number         0  stubs.o ABSOLUTE
    _printf_o                                0x00000000   Number         0  stubs.o ABSOLUTE
    _printf_p                                0x00000000   Number         0  stubs.o ABSOLUTE
    _printf_percent                          0x00000000   Number         0  stubs.o ABSOLUTE
    _printf_pre_padding                      0x00000000   Number         0  stubs.o ABSOLUTE
    _printf_return_value                     0x00000000   Number         0  stubs.o ABSOLUTE
    _printf_s                                0x00000000   Number         0  stubs.o ABSOLUTE
    _printf_sizespec                         0x00000000   Number         0  stubs.o ABSOLUTE
    _printf_str                              0x00000000   Number         0  stubs.o ABSOLUTE
    _printf_truncate_signed                  0x00000000   Number         0  stubs.o ABSOLUTE
    _printf_truncate_unsigned                0x00000000   Number         0  stubs.o ABSOLUTE
    _printf_u                                0x00000000   Number         0  stubs.o ABSOLUTE
    _printf_wc                               0x00000000   Number         0  stubs.o ABSOLUTE
    _printf_wctomb                           0x00000000   Number         0  stubs.o ABSOLUTE
    _printf_widthprec                        0x00000000   Number         0  stubs.o ABSOLUTE
    _printf_x                                0x00000000   Number         0  stubs.o ABSOLUTE
    __cpp_initialize__aeabi_                  - Undefined Weak Reference
    __cxa_finalize                            - Undefined Weak Reference
    _clock_init                               - Undefined Weak Reference
    _microlib_exit                            - Undefined Weak Reference
    __Vectors_End                            0x0000026c   Data           0  startup_tm4c123.o(RESET)
    __Vectors_Size                           0x0000026c   Number         0  startup_tm4c123.o ABSOLUTE
    __main                                   0x0000026d   Thumb Code     0  entry.o(.ARM.Collect$$$$00000000)
    _main_stk                                0x0000026d   Thumb Code     0  entry2.o(.ARM.Collect$$$$00000001)
    _main_scatterload                        0x00000271   Thumb Code     0  entry5.o(.ARM.Collect$$$$00000004)
    __main_after_scatterload                 0x00000275   Thumb Code     0  entry5.o(.ARM.Collect$$$$00000004)
    _main_clock                              0x00000275   Thumb Code     0  entry7b.o(.ARM.Collect$$$$00000008)
    _main_cpp_init                           0x00000275   Thumb Code     0  entry8b.o(.ARM.Collect$$$$0000000A)
    _main_init                               0x00000275   Thumb Code     0  entry9a.o(.ARM.Collect$$$$0000000B)
    __rt_final_cpp                           0x0000027d   Thumb Code     0  entry10a.o(.ARM.Collect$$$$0000000D)
    __rt_final_exit                          0x0000027d   Thumb Code     0  entry11a.o(.ARM.Collect$$$$0000000F)
    EnableInterrupts                         0x000002a1   Thumb Code     4  main.o(.text)
    DisableInterrupts                        0x000002a5   Thumb Code     4  main.o(.text)
    sw1_initialize                           0x000002a9   Thumb Code    98  main.o(.text)
    initialize_hardware                      0x0000030b   Thumb Code   170  main.o(.text)
    check_joystick_update                    0x000003b5   Thumb Code   180  main.o(.text)
    read_touchscreen                         0x00000469   Thumb Code    36  main.o(.text)
    read_accel                               0x0000048d   Thumb Code    72  main.o(.text)
    convert_ps2                              0x000004d5   Thumb Code   134  main.o(.text)
    check_initial_sel_state                  0x0000055b   Thumb Code   156  main.o(.text)
    GPIOD_Handler                            0x000005f7   Thumb Code    20  main.o(.text)
    GPIOF_Handler                            0x0000060b   Thumb Code    20  main.o(.text)
    TIMER0A_Handler                          0x0000061f   Thumb Code    18  main.o(.text)
    TIMER0B_Handler                          0x00000631   Thumb Code    22  main.o(.text)
    ADC0SS2_Handler                          0x00000647   Thumb Code    18  main.o(.text)
    choose_level                             0x00000659   Thumb Code   184  main.o(.text)
    main                                     0x00000711   Thumb Code  1802  main.o(.text)
    select_playgame                          0x00000e89   Thumb Code    66  graphics.o(.text)
    draw_main_menu                           0x00000ecb   Thumb Code    94  graphics.o(.text)
    draw_star_sprite                         0x00000f29   Thumb Code    62  graphics.o(.text)
    draw_win                                 0x00000f67   Thumb Code   122  graphics.o(.text)
    draw_lose                                0x00000fe1   Thumb Code    64  graphics.o(.text)
    draw_fire_sprite                         0x00001021   Thumb Code    62  graphics.o(.text)
    b2s_y                                    0x0000105f   Thumb Code    12  graphics.o(.text)
    b2s_x                                    0x0000106b   Thumb Code    12  graphics.o(.text)
    draw_initial_board                       0x00001077   Thumb Code   242  graphics.o(.text)
    draw_box                                 0x00001169   Thumb Code   218  graphics.o(.text)
    print_initials                           0x00001243   Thumb Code   222  graphics.o(.text)
    print_time                               0x00001321   Thumb Code   102  graphics.o(.text)
    s2b_x                                    0x00001387   Thumb Code    40  graphics.o(.text)
    s2b_y                                    0x000013af   Thumb Code    40  graphics.o(.text)
    update_ball                              0x000013dd   Thumb Code   220  ball.o(.text)
    check_ball_status                        0x000014b9   Thumb Code   424  ball.o(.text)
    lcd_print_character                      0x00001665   Thumb Code   150  fonts.o(.text)
    lcd_print_stringXY                       0x000016fb   Thumb Code   146  fonts.o(.text)
    initialize_adc                           0x00001791   Thumb Code   108  adc.o(.text)
    initialize_adc_hw3                       0x000017fd   Thumb Code   156  adc.o(.text)
    start_adc_conversion                     0x00001899   Thumb Code    26  adc.o(.text)
    get_adc_value_hw3                        0x000018b3   Thumb Code    18  adc.o(.text)
    get_adc_value                            0x000018c5   Thumb Code    58  adc.o(.text)
    gpio_get_irq_num                         0x00001955   Thumb Code    74  gpio_port.o(.text)
    gpio_enable_port                         0x0000199f   Thumb Code   168  gpio_port.o(.text)
    gpio_config_digital_enable               0x00001a47   Thumb Code    34  gpio_port.o(.text)
    gpio_config_enable_output                0x00001a69   Thumb Code    34  gpio_port.o(.text)
    gpio_config_enable_input                 0x00001a8b   Thumb Code    34  gpio_port.o(.text)
    gpio_config_enable_pullup                0x00001aad   Thumb Code    34  gpio_port.o(.text)
    gpio_config_enable_pulldown              0x00001acf   Thumb Code    34  gpio_port.o(.text)
    gpio_config_analog_enable                0x00001af1   Thumb Code    34  gpio_port.o(.text)
    gpio_config_alternate_function           0x00001b13   Thumb Code    34  gpio_port.o(.text)
    gpio_config_port_control                 0x00001b35   Thumb Code    50  gpio_port.o(.text)
    gpio_config_open_drain                   0x00001b67   Thumb Code    34  gpio_port.o(.text)
    gpio_config_falling_edge_irq             0x00001b89   Thumb Code     6  gpio_port.o(.text)
    gp_timer_wait                            0x00001c5b   Thumb Code    64  timers.o(.text)
    gp_timer_config_32                       0x00001c9b   Thumb Code   120  timers.o(.text)
    gp_timer_config_16                       0x00001d13   Thumb Code   150  timers.o(.text)
    spiVerifyBaseAddr                        0x00001db9   Thumb Code    34  spi.o(.text)
    initialize_spi                           0x00001ddb   Thumb Code   246  spi.o(.text)
    spiTx                                    0x00001ed1   Thumb Code    94  spi.o(.text)
    initializeI2CMaster                      0x00001f49   Thumb Code   160  i2c.o(.text)
    i2cVerifyBaseAddr                        0x00001fe9   Thumb Code    36  i2c.o(.text)
    i2cSetSlaveAddr                          0x0000200d   Thumb Code    30  i2c.o(.text)
    i2cStop                                  0x0000202b   Thumb Code    26  i2c.o(.text)
    I2CMasterBusy                            0x00002045   Thumb Code    34  i2c.o(.text)
    I2CMasterAdrAck                          0x00002067   Thumb Code    34  i2c.o(.text)
    I2CMasterDatAck                          0x00002089   Thumb Code    34  i2c.o(.text)
    i2cSendByte                              0x000020ab   Thumb Code    82  i2c.o(.text)
    i2cGetByte                               0x000020fd   Thumb Code    60  i2c.o(.text)
    pc_buffer_init                           0x00002151   Thumb Code    26  pc_buffer.o(.text)
    pc_buffer_add                            0x0000216b   Thumb Code    28  pc_buffer.o(.text)
    pc_buffer_remove                         0x00002187   Thumb Code    30  pc_buffer.o(.text)
    pc_buffer_empty                          0x000021a5   Thumb Code    18  pc_buffer.o(.text)
    pc_buffer_full                           0x000021b7   Thumb Code    22  pc_buffer.o(.text)
    verify_uart_base                         0x000021cd   Thumb Code    54  uart.o(.text)
    uart_get_rcgc_mask                       0x00002203   Thumb Code    68  uart.o(.text)
    uart_get_pr_mask                         0x00002247   Thumb Code    68  uart.o(.text)
    uart_get_irq_num                         0x0000228b   Thumb Code    68  uart.o(.text)
    uart_tx_poll                             0x000022cf   Thumb Code    38  uart.o(.text)
    uart_tx_poll_string                      0x000022f5   Thumb Code    50  uart.o(.text)
    uart_rx_poll                             0x00002327   Thumb Code    70  uart.o(.text)
    uart_init                                0x0000236d   Thumb Code   214  uart.o(.text)
    lcd_set_pos                              0x000024b5   Thumb Code    58  lcd.o(.text)
    lcd_clear_screen                         0x000024ef   Thumb Code    52  lcd.o(.text)
    lcd_draw_image                           0x00002523   Thumb Code   242  lcd.o(.text)
    lcd_config_gpio                          0x00002615   Thumb Code   152  lcd.o(.text)
    lcd_config_screen                        0x000026ad   Thumb Code   566  lcd.o(.text)
    ps2_initialize                           0x00002923   Thumb Code    14  ps2.o(.text)
    ps2_initialize_hw3                       0x00002931   Thumb Code     8  ps2.o(.text)
    ps2_get_x                                0x00002939   Thumb Code    16  ps2.o(.text)
    ps2_get_y                                0x00002949   Thumb Code    16  ps2.o(.text)
    accel_CSN_high                           0x00002961   Thumb Code    18  accel.o(.text)
    accel_CSN_low                            0x00002973   Thumb Code    18  accel.o(.text)
    accel_init                               0x00002985   Thumb Code   432  accel.o(.text)
    accel_read                               0x00002b35   Thumb Code    34  accel.o(.text)
    spi_select                               0x00002b6d   Thumb Code    62  spi_select.o(.text)
    spi_select_init                          0x00002bab   Thumb Code    92  spi_select.o(.text)
    init_serial_debug                        0x00002c11   Thumb Code    90  serial_debug.o(.text)
    serial_debug_rx                          0x00002c6b   Thumb Code    48  serial_debug.o(.text)
    serial_debug_tx                          0x00002c9b   Thumb Code    84  serial_debug.o(.text)
    fputc                                    0x00002cef   Thumb Code    66  serial_debug.o(.text)
    fgetc                                    0x00002d31   Thumb Code    50  serial_debug.o(.text)
    UART0_Handler                            0x00002d63   Thumb Code   156  serial_debug.o(.text)
    eeprom_byte_write                        0x00002e5d   Thumb Code   106  eeprom.o(.text)
    eeprom_byte_read                         0x00002ec7   Thumb Code   126  eeprom.o(.text)
    eeprom_init                              0x00002f45   Thumb Code   156  eeprom.o(.text)
    ft6x06_read_td_status                    0x0000304b   Thumb Code    56  ft6x06.o(.text)
    ft6x06_read_x                            0x00003083   Thumb Code    72  ft6x06.o(.text)
    ft6x06_read_y                            0x000030cb   Thumb Code    80  ft6x06.o(.text)
    ft6x06_init                              0x0000311b   Thumb Code   156  ft6x06.o(.text)
    Reset_Handler                            0x000031bd   Thumb Code     8  startup_tm4c123.o(.text)
    NMI_Handler                              0x000031c5   Thumb Code     2  startup_tm4c123.o(.text)
    HardFault_Handler                        0x000031c7   Thumb Code     2  startup_tm4c123.o(.text)
    MemManage_Handler                        0x000031c9   Thumb Code     2  startup_tm4c123.o(.text)
    BusFault_Handler                         0x000031cb   Thumb Code     2  startup_tm4c123.o(.text)
    UsageFault_Handler                       0x000031cd   Thumb Code     2  startup_tm4c123.o(.text)
    SVC_Handler                              0x000031cf   Thumb Code     2  startup_tm4c123.o(.text)
    DebugMon_Handler                         0x000031d1   Thumb Code     2  startup_tm4c123.o(.text)
    PendSV_Handler                           0x000031d3   Thumb Code     2  startup_tm4c123.o(.text)
    SysTick_Handler                          0x000031d5   Thumb Code     2  startup_tm4c123.o(.text)
    GPIOA_Handler                            0x000031d7   Thumb Code     2  startup_tm4c123.o(.text)
    GPIOB_Handler                            0x000031d9   Thumb Code     2  startup_tm4c123.o(.text)
    GPIOC_Handler                            0x000031db   Thumb Code     2  startup_tm4c123.o(.text)
    GPIOE_Handler                            0x000031df   Thumb Code     2  startup_tm4c123.o(.text)
    UART1_Handler                            0x000031e3   Thumb Code     2  startup_tm4c123.o(.text)
    SSI0_Handler                             0x000031e5   Thumb Code     2  startup_tm4c123.o(.text)
    I2C0_Handler                             0x000031e7   Thumb Code     2  startup_tm4c123.o(.text)
    PMW0_FAULT_Handler                       0x000031e9   Thumb Code     2  startup_tm4c123.o(.text)
    PWM0_0_Handler                           0x000031eb   Thumb Code     2  startup_tm4c123.o(.text)
    PWM0_1_Handler                           0x000031ed   Thumb Code     2  startup_tm4c123.o(.text)
    PWM0_2_Handler                           0x000031ef   Thumb Code     2  startup_tm4c123.o(.text)
    QEI0_Handler                             0x000031f1   Thumb Code     2  startup_tm4c123.o(.text)
    ADC0SS0_Handler                          0x000031f3   Thumb Code     2  startup_tm4c123.o(.text)
    ADC0SS1_Handler                          0x000031f5   Thumb Code     2  startup_tm4c123.o(.text)
    ADC0SS3_Handler                          0x000031f9   Thumb Code     2  startup_tm4c123.o(.text)
    WDT0_Handler                             0x000031fb   Thumb Code     2  startup_tm4c123.o(.text)
    TIMER1A_Handler                          0x00003201   Thumb Code     2  startup_tm4c123.o(.text)
    TIMER1B_Handler                          0x00003203   Thumb Code     2  startup_tm4c123.o(.text)
    TIMER2A_Handler                          0x00003205   Thumb Code     2  startup_tm4c123.o(.text)
    TIMER2B_Handler                          0x00003207   Thumb Code     2  startup_tm4c123.o(.text)
    COMP0_Handler                            0x00003209   Thumb Code     2  startup_tm4c123.o(.text)
    COMP1_Handler                            0x0000320b   Thumb Code     2  startup_tm4c123.o(.text)
    COMP2_Handler                            0x0000320d   Thumb Code     2  startup_tm4c123.o(.text)
    SYSCTL_Handler                           0x0000320f   Thumb Code     2  startup_tm4c123.o(.text)
    FLASH_Handler                            0x00003211   Thumb Code     2  startup_tm4c123.o(.text)
    GPIOG_Handler                            0x00003215   Thumb Code     2  startup_tm4c123.o(.text)
    GPIOH_Handler                            0x00003217   Thumb Code     2  startup_tm4c123.o(.text)
    UART2_Handler                            0x00003219   Thumb Code     2  startup_tm4c123.o(.text)
    SSI1_Handler                             0x0000321b   Thumb Code     2  startup_tm4c123.o(.text)
    TIMER3A_Handler                          0x0000321d   Thumb Code     2  startup_tm4c123.o(.text)
    TIMER3B_Handler                          0x0000321f   Thumb Code     2  startup_tm4c123.o(.text)
    I2C1_Handler                             0x00003221   Thumb Code     2  startup_tm4c123.o(.text)
    QEI1_Handler                             0x00003223   Thumb Code     2  startup_tm4c123.o(.text)
    CAN0_Handler                             0x00003225   Thumb Code     2  startup_tm4c123.o(.text)
    CAN1_Handler                             0x00003227   Thumb Code     2  startup_tm4c123.o(.text)
    CAN2_Handler                             0x00003229   Thumb Code     2  startup_tm4c123.o(.text)
    HIB_Handler                              0x0000322b   Thumb Code     2  startup_tm4c123.o(.text)
    USB0_Handler                             0x0000322d   Thumb Code     2  startup_tm4c123.o(.text)
    PWM0_3_Handler                           0x0000322f   Thumb Code     2  startup_tm4c123.o(.text)
    UDMA_Handler                             0x00003231   Thumb Code     2  startup_tm4c123.o(.text)
    UDMAERR_Handler                          0x00003233   Thumb Code     2  startup_tm4c123.o(.text)
    ADC1SS0_Handler                          0x00003235   Thumb Code     2  startup_tm4c123.o(.text)
    ADC1SS1_Handler                          0x00003237   Thumb Code     2  startup_tm4c123.o(.text)
    ADC1SS2_Handler                          0x00003239   Thumb Code     2  startup_tm4c123.o(.text)
    ADC1SS3_Handler                          0x0000323b   Thumb Code     2  startup_tm4c123.o(.text)
    GPIOJ_Handler                            0x0000323d   Thumb Code     2  startup_tm4c123.o(.text)
    GPIOK_Handler                            0x0000323f   Thumb Code     2  startup_tm4c123.o(.text)
    GPIOL_Handler                            0x00003241   Thumb Code     2  startup_tm4c123.o(.text)
    SSI2_Handler                             0x00003243   Thumb Code     2  startup_tm4c123.o(.text)
    SSI3_Handler                             0x00003245   Thumb Code     2  startup_tm4c123.o(.text)
    UART3_Handler                            0x00003247   Thumb Code     2  startup_tm4c123.o(.text)
    UART4_Handler                            0x00003249   Thumb Code     2  startup_tm4c123.o(.text)
    UART5_Handler                            0x0000324b   Thumb Code     2  startup_tm4c123.o(.text)
    UART6_Handler                            0x0000324d   Thumb Code     2  startup_tm4c123.o(.text)
    UART7_Handler                            0x0000324f   Thumb Code     2  startup_tm4c123.o(.text)
    I2C2_Handler                             0x00003251   Thumb Code     2  startup_tm4c123.o(.text)
    I2C3_Handler                             0x00003253   Thumb Code     2  startup_tm4c123.o(.text)
    TIMER4A_Handler                          0x00003255   Thumb Code     2  startup_tm4c123.o(.text)
    TIMER4B_Handler                          0x00003257   Thumb Code     2  startup_tm4c123.o(.text)
    TIMER5A_Handler                          0x00003259   Thumb Code     2  startup_tm4c123.o(.text)
    TIMER5B_Handler                          0x0000325b   Thumb Code     2  startup_tm4c123.o(.text)
    WTIMER0A_Handler                         0x0000325d   Thumb Code     2  startup_tm4c123.o(.text)
    WTIMER0B_Handler                         0x0000325f   Thumb Code     2  startup_tm4c123.o(.text)
    WTIMER1A_Handler                         0x00003261   Thumb Code     2  startup_tm4c123.o(.text)
    WTIMER1B_Handler                         0x00003263   Thumb Code     2  startup_tm4c123.o(.text)
    WTIMER2A_Handler                         0x00003265   Thumb Code     2  startup_tm4c123.o(.text)
    WTIMER2B_Handler                         0x00003267   Thumb Code     2  startup_tm4c123.o(.text)
    WTIMER3A_Handler                         0x00003269   Thumb Code     2  startup_tm4c123.o(.text)
    WTIMER3B_Handler                         0x0000326b   Thumb Code     2  startup_tm4c123.o(.text)
    WTIMER4A_Handler                         0x0000326d   Thumb Code     2  startup_tm4c123.o(.text)
    WTIMER4B_Handler                         0x0000326f   Thumb Code     2  startup_tm4c123.o(.text)
    WTIMER5A_Handler                         0x00003271   Thumb Code     2  startup_tm4c123.o(.text)
    WTIMER5B_Handler                         0x00003273   Thumb Code     2  startup_tm4c123.o(.text)
    FPU_Handler                              0x00003275   Thumb Code     2  startup_tm4c123.o(.text)
    I2C4_Handler                             0x00003277   Thumb Code     2  startup_tm4c123.o(.text)
    I2C5_Handler                             0x00003279   Thumb Code     2  startup_tm4c123.o(.text)
    GPIOM_Handler                            0x0000327b   Thumb Code     2  startup_tm4c123.o(.text)
    GPION_Handler                            0x0000327d   Thumb Code     2  startup_tm4c123.o(.text)
    QEI2_Handler                             0x0000327f   Thumb Code     2  startup_tm4c123.o(.text)
    GPIOP0_Handler                           0x00003281   Thumb Code     2  startup_tm4c123.o(.text)
    GPIOP1_Handler                           0x00003283   Thumb Code     2  startup_tm4c123.o(.text)
    GPIOP2_Handler                           0x00003285   Thumb Code     2  startup_tm4c123.o(.text)
    GPIOP3_Handler                           0x00003287   Thumb Code     2  startup_tm4c123.o(.text)
    GPIOP4_Handler                           0x00003289   Thumb Code     2  startup_tm4c123.o(.text)
    GPIOP5_Handler                           0x0000328b   Thumb Code     2  startup_tm4c123.o(.text)
    GPIOP6_Handler                           0x0000328d   Thumb Code     2  startup_tm4c123.o(.text)
    GPIOP7_Handler                           0x0000328f   Thumb Code     2  startup_tm4c123.o(.text)
    GPIOQ0_Handler                           0x00003291   Thumb Code     2  startup_tm4c123.o(.text)
    GPIOQ1_Handler                           0x00003293   Thumb Code     2  startup_tm4c123.o(.text)
    GPIOQ2_Handler                           0x00003295   Thumb Code     2  startup_tm4c123.o(.text)
    GPIOQ3_Handler                           0x00003297   Thumb Code     2  startup_tm4c123.o(.text)
    GPIOQ4_Handler                           0x00003299   Thumb Code     2  startup_tm4c123.o(.text)
    GPIOQ5_Handler                           0x0000329b   Thumb Code     2  startup_tm4c123.o(.text)
    GPIOQ6_Handler                           0x0000329d   Thumb Code     2  startup_tm4c123.o(.text)
    GPIOQ7_Handler                           0x0000329f   Thumb Code     2  startup_tm4c123.o(.text)
    GPIOR_Handler                            0x000032a1   Thumb Code     2  startup_tm4c123.o(.text)
    GPIOS_Handler                            0x000032a3   Thumb Code     2  startup_tm4c123.o(.text)
    PMW1_0_Handler                           0x000032a5   Thumb Code     2  startup_tm4c123.o(.text)
    PWM1_1_Handler                           0x000032a7   Thumb Code     2  startup_tm4c123.o(.text)
    PWM1_2_Handler                           0x000032a9   Thumb Code     2  startup_tm4c123.o(.text)
    PWM1_3_Handler                           0x000032ab   Thumb Code     2  startup_tm4c123.o(.text)
    PWM1_FAULT_Handler                       0x000032ad   Thumb Code     2  startup_tm4c123.o(.text)
    SystemCoreClockUpdate                    0x0000336f   Thumb Code   184  system_tm4c123.o(.text)
    SystemInit                               0x00003427   Thumb Code   112  system_tm4c123.o(.text)
    put_string                               0x00003509   Thumb Code    34  validate_uart.o(.text)
    validate_print_ice_validation_info_start 0x0000352b   Thumb Code    68  validate_uart.o(.text)
    validate_print_ice_validation_info_end   0x0000356f   Thumb Code    68  validate_uart.o(.text)
    staff_uart_config_gpio                   0x00003631   Thumb Code    82  validate_uart.o(.text)
    staff_uart_config_polling                0x00003683   Thumb Code    68  validate_uart.o(.text)
    validate_uart_baud_rate                  0x000036c7   Thumb Code    26  validate_uart.o(.text)
    validate_uart_line_control               0x000036e1   Thumb Code    18  validate_uart.o(.text)
    validate_uart_interrupt_mask             0x000036f3   Thumb Code    18  validate_uart.o(.text)
    validate_uart_control                    0x00003705   Thumb Code    18  validate_uart.o(.text)
    validate_uart_interrupts_enabled         0x00003717   Thumb Code    44  validate_uart.o(.text)
    put_char                                 0x00003743   Thumb Code    20  validate_uart.o(.text)
    get_char                                 0x00003757   Thumb Code    62  validate_uart.o(.text)
    get_string                               0x00003795   Thumb Code    40  validate_uart.o(.text)
    initialize_serial_debug                  0x000037bd   Thumb Code    12  validate_uart.o(.text)
    print_test_status                        0x000037c9   Thumb Code    52  validate_uart.o(.text)
    validate_uart                            0x000037fd   Thumb Code   126  validate_uart.o(.text)
    validate_gpio_rcgc                       0x00003a2d   Thumb Code    26  validate_sysctl.o(.text)
    validate_adc_rcgc                        0x00003a47   Thumb Code    28  validate_sysctl.o(.text)
    validate_gpt_rcgc                        0x00003a63   Thumb Code    28  validate_sysctl.o(.text)
    validate_uart_rcgc                       0x00003a7f   Thumb Code    28  validate_sysctl.o(.text)
    validate_spi_rcgc                        0x00003a9b   Thumb Code    28  validate_sysctl.o(.text)
    rand                                     0x00003ad5   Thumb Code    20  rand.o(.text)
    srand                                    0x00003ae9   Thumb Code     6  rand.o(.text)
    strlen                                   0x00003af9   Thumb Code    14  strlen.o(.text)
    __aeabi_uidiv                            0x00003b07   Thumb Code     0  uidiv.o(.text)
    __aeabi_uidivmod                         0x00003b07   Thumb Code    44  uidiv.o(.text)
    __scatterload                            0x00003b35   Thumb Code    28  init.o(.text)
    __scatterload_rt2                        0x00003b35   Thumb Code     0  init.o(.text)
    __decompress                             0x00003b59   Thumb Code     0  __dczerorl2.o(.text)
    __decompress1                            0x00003b59   Thumb Code    86  __dczerorl2.o(.text)
    __0printf$6                              0x00003bb1   Thumb Code    22  printf6.o(i.__0printf$6)
    __1printf$6                              0x00003bb1   Thumb Code     0  printf6.o(i.__0printf$6)
    __2printf                                0x00003bb1   Thumb Code     0  printf6.o(i.__0printf$6)
    __0sprintf$6                             0x00003bd1   Thumb Code    34  printf6.o(i.__0sprintf$6)
    __1sprintf$6                             0x00003bd1   Thumb Code     0  printf6.o(i.__0sprintf$6)
    __2sprintf                               0x00003bd1   Thumb Code     0  printf6.o(i.__0sprintf$6)
    __scatterload_copy                       0x00003bf9   Thumb Code    14  handlers.o(i.__scatterload_copy)
    __scatterload_null                       0x00003c07   Thumb Code     2  handlers.o(i.__scatterload_null)
    __scatterload_zeroinit                   0x00003c09   Thumb Code    14  handlers.o(i.__scatterload_zeroinit)
    lcd_write_data_u16                       0x00003f65   Thumb Code    60  lcd.o(i.lcd_write_data_u16)
    malloc                                   0x00003fb1   Thumb Code    92  malloc.o(i.malloc)
    winzone_image                            0x0000401c   Data          32  final_project_images.o(.constdata)
    grass_image                              0x0000403c   Data          32  final_project_images.o(.constdata)
    lava_image                               0x0000405c   Data          32  final_project_images.o(.constdata)
    ball_image                               0x0000407c   Data          32  final_project_images.o(.constdata)
    small_fire1_image                        0x0000409c   Data          32  final_project_images.o(.constdata)
    small_fire2_image                        0x000040bc   Data          32  final_project_images.o(.constdata)
    title_image                              0x000040dc   Data        1404  final_project_images.o(.constdata)
    besttime_image                           0x00004658   Data         294  final_project_images.o(.constdata)
    enter_image                              0x0000477e   Data         384  final_project_images.o(.constdata)
    play_image                               0x000048fe   Data        1152  final_project_images.o(.constdata)
    burnt_image                              0x00004d7e   Data        1428  final_project_images.o(.constdata)
    fire1_image                              0x00005312   Data         608  final_project_images.o(.constdata)
    fire2_image                              0x00005572   Data         608  final_project_images.o(.constdata)
    reset_image                              0x000057d2   Data         360  final_project_images.o(.constdata)
    star_image                               0x0000593a   Data         464  final_project_images.o(.constdata)
    success_image                            0x00005b0a   Data        1050  final_project_images.o(.constdata)
    time_image                               0x00005f24   Data         420  final_project_images.o(.constdata)
    courierNewBitmap                         0x000060c8   Data        3040  fonts.o(.constdata)
    arialNarrow_24ptBitmaps                  0x00006ca8   Data        9546  fonts.o(.constdata)
    Region$$Table$$Base                      0x00009250   Number         0  anon$$obj.o(Region$$Table)
    Region$$Table$$Limit                     0x00009270   Number         0  anon$$obj.o(Region$$Table)
    individual_1                             0x20000000   Data          18  main.o(.data)
    individual_2                             0x20000012   Data          12  main.o(.data)
    timerA                                   0x2000001e   Data           1  main.o(.data)
    timerB                                   0x2000001f   Data           1  main.o(.data)
    debounce_int                             0x20000020   Data           1  main.o(.data)
    joystick_int                             0x20000021   Data           1  main.o(.data)
    sw1_pressed                              0x20000022   Data           1  main.o(.data)
    accel_flag                               0x20000023   Data           1  main.o(.data)
    start_conversion                         0x20000024   Data           1  main.o(.data)
    adc_ready                                0x20000025   Data           1  main.o(.data)
    ps2_x                                    0x20000028   Data           4  main.o(.data)
    ps2_y                                    0x2000002c   Data           4  main.o(.data)
    joystick_left_right                      0x20000030   Data           1  main.o(.data)
    joystick_up_down                         0x20000031   Data           1  main.o(.data)
    high_score                               0x20000032   Data           4  main.o(.data)
    current_score                            0x20000036   Data           4  main.o(.data)
    main_menu_select                         0x2000003a   Data           1  main.o(.data)
    last_select                              0x2000003b   Data           1  main.o(.data)
    touchscreen                              0x2000003c   Data           4  main.o(.data)
    new_touch                                0x20000040   Data           1  main.o(.data)
    accel_tilt                               0x20000042   Data           4  main.o(.data)
    abc                                      0x20000046   Data          26  main.o(.data)
    initial_index_0                          0x20000060   Data           1  main.o(.data)
    initial_index_1                          0x20000061   Data           1  main.o(.data)
    initial_index_2                          0x20000062   Data           1  main.o(.data)
    highlight                                0x20000063   Data           1  main.o(.data)
    update_char                              0x20000064   Data           1  main.o(.data)
    lvl                                      0x20000068   Data           4  main.o(.data)
    sprite                                   0x2000006c   Data           1  main.o(.data)
    lvl_1                                    0x20000074   Data         300  levels.o(.data)
    lvl_2                                    0x200001a0   Data         300  levels.o(.data)
    lvl_3                                    0x200002cc   Data         300  levels.o(.data)
    SystemCoreClock                          0x200003fc   Data           4  system_tm4c123.o(.data)
    __stdout                                 0x20000400   Data           4  stdout.o(.data)
    __microlib_freelist                      0x20000408   Data           4  mvars.o(.data)
    __microlib_freelist_initialised          0x2000040c   Data           4  mvars.o(.data)
    ball                                     0x20000410   Data          16  main.o(.bss)
    lvl_0                                    0x20000420   Data         300  levels.o(.bss)
    UART0_Tx_Buffer                          0x2000054c   Data          14  serial_debug.o(.bss)
    UART0_Rx_Buffer                          0x2000055a   Data          14  serial_debug.o(.bss)
    __heap_base                              0x20000568   Data           0  startup_tm4c123.o(HEAP)
    __heap_limit                             0x20000568   Data           0  startup_tm4c123.o(HEAP)
    __initial_sp                             0x20001568   Data           0  startup_tm4c123.o(STACK)



==============================================================================

Memory Map of the image

  Image Entry point : 0x000031bd

  Load Region LR_1 (Base: 0x00000000, Size: 0x00009680, Max: 0xffffffff, ABSOLUTE, COMPRESSED[0x00009334])

    Execution Region ER_RO (Exec base: 0x00000000, Load base: 0x00000000, Size: 0x00009270, Max: 0xffffffff, ABSOLUTE)

    Exec Addr    Load Addr    Size         Type   Attr      Idx    E Section Name        Object

    0x00000000   0x00000000   0x0000026c   Data   RO          658    RESET               startup_tm4c123.o
    0x0000026c   0x0000026c   0x00000000   Code   RO          799  * .ARM.Collect$$$$00000000  mc_w.l(entry.o)
    0x0000026c   0x0000026c   0x00000004   Code   RO         1097    .ARM.Collect$$$$00000001  mc_w.l(entry2.o)
    0x00000270   0x00000270   0x00000004   Code   RO         1100    .ARM.Collect$$$$00000004  mc_w.l(entry5.o)
    0x00000274   0x00000274   0x00000000   Code   RO         1102    .ARM.Collect$$$$00000008  mc_w.l(entry7b.o)
    0x00000274   0x00000274   0x00000000   Code   RO         1104    .ARM.Collect$$$$0000000A  mc_w.l(entry8b.o)
    0x00000274   0x00000274   0x00000008   Code   RO         1105    .ARM.Collect$$$$0000000B  mc_w.l(entry9a.o)
    0x0000027c   0x0000027c   0x00000000   Code   RO         1107    .ARM.Collect$$$$0000000D  mc_w.l(entry10a.o)
    0x0000027c   0x0000027c   0x00000000   Code   RO         1109    .ARM.Collect$$$$0000000F  mc_w.l(entry11a.o)
    0x0000027c   0x0000027c   0x00000004   Code   RO         1098    .ARM.Collect$$$$00002712  mc_w.l(entry2.o)
    0x00000280   0x00000280   0x00000c08   Code   RO            4    .text               main.o
    0x00000e88   0x00000e88   0x00000554   Code   RO          179    .text               graphics.o
    0x000013dc   0x000013dc   0x00000288   Code   RO          232    .text               ball.o
    0x00001664   0x00001664   0x0000012c   Code   RO          256    .text               fonts.o
    0x00001790   0x00001790   0x00000184   Code   RO          286    .text               adc.o
    0x00001914   0x00001914   0x0000029c   Code   RO          314    .text               gpio_port.o
    0x00001bb0   0x00001bb0   0x00000208   Code   RO          338    .text               timers.o
    0x00001db8   0x00001db8   0x00000190   Code   RO          362    .text               spi.o
    0x00001f48   0x00001f48   0x00000208   Code   RO          386    .text               i2c.o
    0x00002150   0x00002150   0x0000007c   Code   RO          407    .text               pc_buffer.o
    0x000021cc   0x000021cc   0x00000288   Code   RO          425    .text               uart.o
    0x00002454   0x00002454   0x00000494   Code   RO          473    .text               lcd.o
    0x000028e8   0x000028e8   0x00000078   Code   RO          503    .text               ps2.o
    0x00002960   0x00002960   0x0000020c   Code   RO          527    .text               accel.o
    0x00002b6c   0x00002b6c   0x000000a4   Code   RO          551    .text               spi_select.o
    0x00002c10   0x00002c10   0x00000208   Code   RO          575    .text               serial_debug.o
    0x00002e18   0x00002e18   0x000001cc   Code   RO          611    .text               eeprom.o
    0x00002fe4   0x00002fe4   0x000001d8   Code   RO          635    .text               ft6x06.o
    0x000031bc   0x000031bc   0x000000fc   Code   RO          659  * .text               startup_tm4c123.o
    0x000032b8   0x000032b8   0x00000250   Code   RO          666    .text               system_tm4c123.o
    0x00003508   0x00003508   0x00000400   Code   RO          696    .text               ECE353-Validate.lib(validate_uart.o)
    0x00003908   0x00003908   0x000001cc   Code   RO          778    .text               ECE353-Validate.lib(validate_sysctl.o)
    0x00003ad4   0x00003ad4   0x00000024   Code   RO          803    .text               mc_w.l(rand.o)
    0x00003af8   0x00003af8   0x0000000e   Code   RO          806    .text               mc_w.l(strlen.o)
    0x00003b06   0x00003b06   0x0000002c   Code   RO         1111    .text               mc_w.l(uidiv.o)
    0x00003b32   0x00003b32   0x00000002   PAD
    0x00003b34   0x00003b34   0x00000024   Code   RO         1132    .text               mc_w.l(init.o)
    0x00003b58   0x00003b58   0x00000056   Code   RO         1150    .text               mc_w.l(__dczerorl2.o)
    0x00003bae   0x00003bae   0x00000002   PAD
    0x00003bb0   0x00003bb0   0x00000020   Code   RO          963    i.__0printf$6       mc_w.l(printf6.o)
    0x00003bd0   0x00003bd0   0x00000028   Code   RO          965    i.__0sprintf$6      mc_w.l(printf6.o)
    0x00003bf8   0x00003bf8   0x0000000e   Code   RO         1144    i.__scatterload_copy  mc_w.l(handlers.o)
    0x00003c06   0x00003c06   0x00000002   Code   RO         1145    i.__scatterload_null  mc_w.l(handlers.o)
    0x00003c08   0x00003c08   0x0000000e   Code   RO         1146    i.__scatterload_zeroinit  mc_w.l(handlers.o)
    0x00003c16   0x00003c16   0x00000002   PAD
    0x00003c18   0x00003c18   0x000002f0   Code   RO          970    i._printf_core      mc_w.l(printf6.o)
    0x00003f08   0x00003f08   0x00000024   Code   RO          971    i._printf_post_padding  mc_w.l(printf6.o)
    0x00003f2c   0x00003f2c   0x0000002e   Code   RO          972    i._printf_pre_padding  mc_w.l(printf6.o)
    0x00003f5a   0x00003f5a   0x0000000a   Code   RO          974    i._sputc            mc_w.l(printf6.o)
    0x00003f64   0x00003f64   0x0000004c   Code   RO          491    i.lcd_write_data_u16  lcd.o
    0x00003fb0   0x00003fb0   0x0000006c   Code   RO         1070    i.malloc            mc_w.l(malloc.o)
    0x0000401c   0x0000401c   0x000020ac   Data   RO          163    .constdata          final_project_images.o
    0x000060c8   0x000060c8   0x0000312a   Data   RO          257    .constdata          fonts.o
    0x000091f2   0x000091f2   0x00000002   PAD
    0x000091f4   0x000091f4   0x0000005c   Data   RO          697    .conststring        ECE353-Validate.lib(validate_uart.o)
    0x00009250   0x00009250   0x00000020   Data   RO         1142    Region$$Table       anon$$obj.o


    Execution Region ER_RW (Exec base: 0x20000000, Load base: 0x00009270, Size: 0x00000410, Max: 0xffffffff, ABSOLUTE, COMPRESSED[0x000000c4])

    Exec Addr    Load Addr    Size         Type   Attr      Idx    E Section Name        Object

    0x20000000   COMPRESSED   0x00000074   Data   RW            6    .data               main.o
    0x20000074   COMPRESSED   0x00000384   Data   RW          208    .data               levels.o
    0x200003f8   COMPRESSED   0x00000002   Data   RW          577    .data               serial_debug.o
    0x200003fa   COMPRESSED   0x00000002   PAD
    0x200003fc   COMPRESSED   0x00000004   Data   RW          667    .data               system_tm4c123.o
    0x20000400   COMPRESSED   0x00000004   Data   RW          802    .data               mc_w.l(stdout.o)
    0x20000404   COMPRESSED   0x00000004   Data   RW          804    .data               mc_w.l(rand.o)
    0x20000408   COMPRESSED   0x00000004   Data   RW         1119    .data               mc_w.l(mvars.o)
    0x2000040c   COMPRESSED   0x00000004   Data   RW         1120    .data               mc_w.l(mvars.o)


    Execution Region ER_ZI (Exec base: 0x20000410, Load base: 0x00009334, Size: 0x00001158, Max: 0xffffffff, ABSOLUTE)

    Exec Addr    Load Addr    Size         Type   Attr      Idx    E Section Name        Object

    0x20000410        -       0x00000010   Zero   RW            5    .bss                main.o
    0x20000420        -       0x0000012c   Zero   RW          207    .bss                levels.o
    0x2000054c        -       0x0000001c   Zero   RW          576    .bss                serial_debug.o
    0x20000568        -       0x00000000   Zero   RW          657    HEAP                startup_tm4c123.o
    0x20000568        -       0x00001000   Zero   RW          656    STACK               startup_tm4c123.o


==============================================================================

Image component sizes


      Code (inc. data)   RO Data    RW Data    ZI Data      Debug   Object Name

       524         22          0          0          0       1661   accel.o
       388         22          0          0          0      32104   adc.o
       648          4          0          0          0       1532   ball.o
       460          4          0          0          0       2229   eeprom.o
         0          0       8364          0          0       1276   final_project_images.o
       300          4      12586          0          0       2032   fonts.o
       472          6          0          0          0       2268   ft6x06.o
       668         34          0          0          0       5010   gpio_port.o
      1364         98          0          0          0       3760   graphics.o
         0          0          0          0          0       1408   hw3_images.o
       520         24          0          0          0       3593   i2c.o
      1248         38          0          0          0       3693   lcd.o
         0          0          0        900        300        518   levels.o
      3080        384          0        116         16      67295   main.o
       124          0          0          0          0       1855   pc_buffer.o
       120          8          0          0          0       1028   ps2.o
       520         26          0          2         28       5805   serial_debug.o
       400         26          0          0          0       1793   spi.o
       164         10          0          0          0        837   spi_select.o
       252         10        620          0       4096       5400   startup_tm4c123.o
       592        138          0          4          0       1473   system_tm4c123.o
       520         16          0          0          0       2574   timers.o
       648         50          0          0          0       3412   uart.o

    ----------------------------------------------------------------------
     13012        924      21604       1024       4440     152556   Object Totals
         0          0         32          0          0          0   (incl. Generated)
         0          0          2          2          0          0   (incl. Padding)

    ----------------------------------------------------------------------

      Code (inc. data)   RO Data    RW Data    ZI Data      Debug   Library Member Name

       460         38          0          0          0       2598   validate_sysctl.o
      1024        150         92          0          0      31422   validate_uart.o
        86          0          0          0          0          0   __dczerorl2.o
         0          0          0          0          0          0   entry.o
         0          0          0          0          0          0   entry10a.o
         0          0          0          0          0          0   entry11a.o
         8          4          0          0          0          0   entry2.o
         4          0          0          0          0          0   entry5.o
         0          0          0          0          0          0   entry7b.o
         0          0          0          0          0          0   entry8b.o
         8          4          0          0          0          0   entry9a.o
        30          0          0          0          0          0   handlers.o
        36          8          0          0          0         68   init.o
       108         16          0          0          0         84   malloc.o
         0          0          0          8          0          0   mvars.o
       916         20          0          0          0        504   printf6.o
        36         10          0          4          0        136   rand.o
         0          0          0          4          0          0   stdout.o
        14          0          0          0          0         68   strlen.o
        44          0          0          0          0         80   uidiv.o

    ----------------------------------------------------------------------
      2780        250         92         16          0      34960   Library Totals
         6          0          0          0          0          0   (incl. Padding)

    ----------------------------------------------------------------------

      Code (inc. data)   RO Data    RW Data    ZI Data      Debug   Library Name

      1484        188         92          0          0      34020   ECE353-Validate.lib
      1290         62          0         16          0        940   mc_w.l

    ----------------------------------------------------------------------
      2780        250         92         16          0      34960   Library Totals

    ----------------------------------------------------------------------

==============================================================================


      Code (inc. data)   RO Data    RW Data    ZI Data      Debug   

     15792       1174      21696       1040       4440     183836   Grand Totals
     15792       1174      21696        196       4440     183836   ELF Image Totals (compressed)
     15792       1174      21696        196          0          0   ROM Totals

==============================================================================

    Total RO  Size (Code + RO Data)                37488 (  36.61kB)
    Total RW  Size (RW Data + ZI Data)              5480 (   5.35kB)
    Total ROM Size (Code + RO Data + RW Data)      37684 (  36.80kB)

==============================================================================

