<html>
<body>
<pre>
<h1>µVision Build Log</h1>
<h2>Tool Versions:</h2>
IDE-Version: µVision V5.24.2.0
Copyright (C) 2017 ARM Ltd and ARM Germany GmbH. All rights reserved.
License Information: UW Madison CAE Flex license: MDK-ARM Professional: 300 user(s) (mdk_pro) Operation stops: 26 Jul 2018
 
Tool Versions:
Toolchain:       MDK-ARM Professional: 300 user(s)  Version: 5.24.1
Toolchain Path:  C:\Keil_v5\ARM\ARMCC\Bin
C Compiler:      Armcc.exe V5.06 update 5 (build 528)
Assembler:       Armasm.exe V5.06 update 5 (build 528)
Linker/Locator:  ArmLink.exe V5.06 update 5 (build 528)
Library Manager: ArmAr.exe V5.06 update 5 (build 528)
Hex Converter:   FromElf.exe V5.06 update 5 (build 528)
CPU DLL:         SARMCM3.DLL V5.24.1
Dialog DLL:      DCM.DLL V1.16.0.0
Target DLL:      lmidk-agdi.dll V???
Dialog DLL:      TCM.DLL V1.32.0.0
 
<h2>Project:</h2>
I:\Final-Project\final-project.uvprojx
Project File Date:  04/26/2018

<h2>Output:</h2>
*** Using Compiler 'V5.06 update 5 (build 528)', folder: 'C:\Keil_v5\ARM\ARMCC\Bin'
Build target 'HW2'
compiling graphics.c...
final_project_images.h(58): warning:  #1-D: last line of file ends without a newline
  #endif
accel.h(47): warning:  #1-D: last line of file ends without a newline
  #endif 
graphics.h(42): warning:  #1-D: last line of file ends without a newline
  #endif
..\peripherals\include\ft6x06.h(65): warning:  #47-D: incompatible redefinition of macro "FT6X06_DEV_ID"  (declared at line 9)
  #define FT6X06_DEV_ID                  0x38
ball.h(37): warning:  #1-D: last line of file ends without a newline
  #endif
fonts.h(71): warning:  #1-D: last line of file ends without a newline
  #endif
graphics.h(42): warning:  #1-D: last line of file ends without a newline
  #endif
graphics.c(168): warning:  #1-D: last line of file ends without a newline
  }
graphics.c: 8 warnings, 0 errors
linking...
Program Size: Code=15792 RO-data=21696 RW-data=1040 ZI-data=4440  
".\obj\ece353_base_project.axf" - 0 Error(s), 8 Warning(s).

<h2>Software Packages used:</h2>

Package Vendor: ARM
                http://www.keil.com/pack/ARM.CMSIS.5.0.1.pack
                ARM.CMSIS.5.0.1
                CMSIS (Cortex Microcontroller Software Interface Standard)
   * Component: CORE Version: 5.0.1

Package Vendor: Keil
                http://www.keil.com/pack/Keil.TM4C_DFP.1.1.0.pack
                Keil.TM4C_DFP.1.1.0
                Texas Instruments Tiva C Series Device Support and Examples
   * Component: Startup Version: 1.0.1

<h2>Collection of Component include folders:</h2>
  .\RTE\_HW2
  C:\Keil_v5\ARM\PACK\ARM\CMSIS\5.0.1\CMSIS\Include
  C:\Keil_v5\ARM\PACK\Keil\TM4C_DFP\1.1.0\Device\Include\TM4C123

<h2>Collection of Component Files used:</h2>

   * Component: Keil::Device:Startup:1.0.1
      Source file:   Device\Source\system_TM4C123.c
      Source file:   Device\Source\ARM\startup_TM4C123.s
      Include file:  Device\Include\TM4C123\TM4C123.h

   * Component: ARM::CMSIS:CORE:5.0.1
Build Time Elapsed:  00:00:07
</pre>
</body>
</html>
